2026-03-27 00:05:57 - msg_id_0100 ==> 7E010000366600000000020000000000000000000000000000000000000000000000000000000000000000000000000000000000000000000000000000000000000000537E
2026-03-27 00:11:54 - msg_id_0100 ==> 7E010000366600000000020080000000000000000000000000000000000000000000000000000000000000000000000000000000000000000000000000000000000000D37E
2026-03-27 00:23:52 - msg_id_0100 ==> 7E010000366600000000020180000000000000000000000000000000000000000000000000000000000000000000000000000000000000000000000000000000000000D27E
2026-03-27 00:37:36 - msg_id_0100 ==> 7E010000366600000000020000000000000000000000000000000000000000000000000000000000000000000000000000000000000000000000000000000000000000537E
2026-03-27 00:44:08 - msg_id_0100 ==> 7E010000366600000000020000000000000000000000000000000000000000000000000000000000000000000000000000000000000000000000000000000000000000537E
2026-03-27 00:50:05 - msg_id_0100 ==> 7E010000366600000000020080000000000000000000000000000000000000000000000000000000000000000000000000000000000000000000000000000000000000D37E
2026-03-27 01:02:02 - msg_id_0100 ==> 7E010000366600000000020180000000000000000000000000000000000000000000000000000000000000000000000000000000000000000000000000000000000000D27E
2026-03-27 01:15:45 - msg_id_0100 ==> 7E010000366600000000020000000000000000000000000000000000000000000000000000000000000000000000000000000000000000000000000000000000000000537E
2026-03-27 01:23:28 - msg_id_0100 ==> 7E010000366600000000020000000000000000000000000000000000000000000000000000000000000000000000000000000000000000000000000000000000000000537E
2026-03-27 01:29:25 - msg_id_0100 ==> 7E010000366600000000020080000000000000000000000000000000000000000000000000000000000000000000000000000000000000000000000000000000000000D37E
2026-03-27 01:41:40 - msg_id_0100 ==> 7E010000366600000000020000000000000000000000000000000000000000000000000000000000000000000000000000000000000000000000000000000000000000537E
2026-03-27 01:47:00 - msg_id_0100 ==> 7E010000366600000000020000000000000000000000000000000000000000000000000000000000000000000000000000000000000000000000000000000000000000537E
2026-03-27 01:54:43 - msg_id_0100 ==> 7E010000366600000000020000000000000000000000000000000000000000000000000000000000000000000000000000000000000000000000000000000000000000537E
2026-03-27 02:01:22 - msg_id_0100 ==> 7E010000366600000000020000000000000000000000000000000000000000000000000000000000000000000000000000000000000000000000000000000000000000537E
2026-03-27 02:08:30 - msg_id_0100 ==> 7E010000366600000000020000000000000000000000000000000000000000000000000000000000000000000000000000000000000000000000000000000000000000537E
2026-03-27 02:16:12 - msg_id_0100 ==> 7E010000366600000000020000000000000000000000000000000000000000000000000000000000000000000000000000000000000000000000000000000000000000537E
2026-03-27 02:22:45 - msg_id_0100 ==> 7E010000366600000000020000000000000000000000000000000000000000000000000000000000000000000000000000000000000000000000000000000000000000537E
2026-03-27 02:28:42 - msg_id_0100 ==> 7E010000366600000000020080000000000000000000000000000000000000000000000000000000000000000000000000000000000000000000000000000000000000D37E
2026-03-27 02:39:00 - msg_id_0100 ==> 7E010000366600000000020000000000000000000000000000000000000000000000000000000000000000000000000000000000000000000000000000000000000000537E
2026-03-27 02:45:32 - msg_id_0100 ==> 7E010000366600000000020000000000000000000000000000000000000000000000000000000000000000000000000000000000000000000000000000000000000000537E
2026-03-27 02:52:39 - msg_id_0100 ==> 7E010000366600000000020000000000000000000000000000000000000000000000000000000000000000000000000000000000000000000000000000000000000000537E
2026-03-27 02:59:47 - msg_id_0100 ==> 7E010000366600000000020000000000000000000000000000000000000000000000000000000000000000000000000000000000000000000000000000000000000000537E
2026-03-27 03:05:44 - msg_id_0100 ==> 7E010000366600000000020080000000000000000000000000000000000000000000000000000000000000000000000000000000000000000000000000000000000000D37E
2026-03-27 03:18:17 - msg_id_0100 ==> 7E010000366600000000020000000000000000000000000000000000000000000000000000000000000000000000000000000000000000000000000000000000000000537E
2026-03-27 03:24:13 - msg_id_0100 ==> 7E010000366600000000020080000000000000000000000000000000000000000000000000000000000000000000000000000000000000000000000000000000000000D37E
2026-03-27 03:36:46 - msg_id_0100 ==> 7E010000366600000000020000000000000000000000000000000000000000000000000000000000000000000000000000000000000000000000000000000000000000537E
2026-03-27 03:42:43 - msg_id_0100 ==> 7E010000366600000000020080000000000000000000000000000000000000000000000000000000000000000000000000000000000000000000000000000000000000D37E
2026-03-27 03:54:41 - msg_id_0100 ==> 7E010000366600000000020180000000000000000000000000000000000000000000000000000000000000000000000000000000000000000000000000000000000000D27E
2026-03-27 04:07:14 - msg_id_0100 ==> 7E010000366600000000020000000000000000000000000000000000000000000000000000000000000000000000000000000000000000000000000000000000000000537E
2026-03-27 04:13:46 - msg_id_0100 ==> 7E010000366600000000020000000000000000000000000000000000000000000000000000000000000000000000000000000000000000000000000000000000000000537E
2026-03-27 04:19:43 - msg_id_0100 ==> 7E010000366600000000020080000000000000000000000000000000000000000000000000000000000000000000000000000000000000000000000000000000000000D37E
2026-03-27 04:32:16 - msg_id_0100 ==> 7E010000366600000000020000000000000000000000000000000000000000000000000000000000000000000000000000000000000000000000000000000000000000537E
2026-03-27 04:38:13 - msg_id_0100 ==> 7E010000366600000000020080000000000000000000000000000000000000000000000000000000000000000000000000000000000000000000000000000000000000D37E
2026-03-27 04:50:46 - msg_id_0100 ==> 7E010000366600000000020000000000000000000000000000000000000000000000000000000000000000000000000000000000000000000000000000000000000000537E
2026-03-27 04:56:50 - msg_id_0100 ==> 7E010000366600000000020080000000000000000000000000000000000000000000000000000000000000000000000000000000000000000000000000000000000000D37E
2026-03-27 05:08:48 - msg_id_0100 ==> 7E010000366600000000020180000000000000000000000000000000000000000000000000000000000000000000000000000000000000000000000000000000000000D27E
2026-03-27 05:21:21 - msg_id_0100 ==> 7E010000366600000000020000000000000000000000000000000000000000000000000000000000000000000000000000000000000000000000000000000000000000537E
2026-03-27 05:30:49 - msg_id_0100 ==> 7E010000366600000000020000000000000000000000000000000000000000000000000000000000000000000000000000000000000000000000000000000000000000537E
2026-03-27 05:36:46 - msg_id_0100 ==> 7E010000366600000000020080000000000000000000000000000000000000000000000000000000000000000000000000000000000000000000000000000000000000D37E
2026-03-27 05:48:44 - msg_id_0100 ==> 7E010000366600000000020180000000000000000000000000000000000000000000000000000000000000000000000000000000000000000000000000000000000000D27E
2026-03-27 06:00:41 - msg_id_0100 ==> 7E010000366600000000020280000000000000000000000000000000000000000000000000000000000000000000000000000000000000000000000000000000000000D17E
2026-03-27 06:12:39 - msg_id_0100 ==> 7E010000366600000000020380000000000000000000000000000000000000000000000000000000000000000000000000000000000000000000000000000000000000D07E
2026-03-27 06:25:27 - msg_id_0100 ==> 7E010000366600000000020000000000000000000000000000000000000000000000000000000000000000000000000000000000000000000000000000000000000000537E
2026-03-27 06:35:31 - msg_id_0100 ==> 7E010000366600000000020000000000000000000000000000000000000000000000000000000000000000000000000000000000000000000000000000000000000000537E
2026-03-27 06:43:21 - msg_id_0100 ==> 7E010000366600000000020000000000000000000000000000000000000000000000000000000000000000000000000000000000000000000000000000000000000000537E
2026-03-27 06:51:03 - msg_id_0100 ==> 7E010000366600000000020000000000000000000000000000000000000000000000000000000000000000000000000000000000000000000000000000000000000000537E
2026-03-27 06:57:35 - msg_id_0100 ==> 7E010000366600000000020000000000000000000000000000000000000000000000000000000000000000000000000000000000000000000000000000000000000000537E
2026-03-27 07:03:32 - msg_id_0100 ==> 7E010000366600000000020080000000000000000000000000000000000000000000000000000000000000000000000000000000000000000000000000000000000000D37E
2026-03-27 07:15:30 - msg_id_0100 ==> 7E010000366600000000020180000000000000000000000000000000000000000000000000000000000000000000000000000000000000000000000000000000000000D27E
2026-03-27 07:27:27 - msg_id_0100 ==> 7E010000366600000000020280000000000000000000000000000000000000000000000000000000000000000000000000000000000000000000000000000000000000D17E
2026-03-27 07:39:32 - msg_id_0100 ==> 7E010000366600000000020380000000000000000000000000000000000000000000000000000000000000000000000000000000000000000000000000000000000000D07E
2026-03-27 07:51:30 - msg_id_0100 ==> 7E010000366600000000020480000000000000000000000000000000000000000000000000000000000000000000000000000000000000000000000000000000000000D77E
2026-03-27 08:05:48 - msg_id_0100 ==> 7E010000366600000000020000000000000000000000000000000000000000000000000000000000000000000000000000000000000000000000000000000000000000537E
2026-03-27 08:12:21 - msg_id_0100 ==> 7E010000366600000000020000000000000000000000000000000000000000000000000000000000000000000000000000000000000000000000000000000000000000537E
2026-03-27 08:18:53 - msg_id_0100 ==> 7E010000366600000000020000000000000000000000000000000000000000000000000000000000000000000000000000000000000000000000000000000000000000537E
2026-03-27 08:24:50 - msg_id_0100 ==> 7E010000366600000000020080000000000000000000000000000000000000000000000000000000000000000000000000000000000000000000000000000000000000D37E
2026-03-27 08:36:47 - msg_id_0100 ==> 7E010000366600000000020180000000000000000000000000000000000000000000000000000000000000000000000000000000000000000000000000000000000000D27E
2026-03-27 08:48:45 - msg_id_0100 ==> 7E010000366600000000020280000000000000000000000000000000000000000000000000000000000000000000000000000000000000000000000000000000000000D17E
2026-03-27 09:01:18 - msg_id_0100 ==> 7E010000366600000000020000000000000000000000000000000000000000000000000000000000000000000000000000000000000000000000000000000000000000537E
2026-03-27 09:08:26 - msg_id_0100 ==> 7E010000366600000000020000000000000000000000000000000000000000000000000000000000000000000000000000000000000000000000000000000000000000537E
2026-03-27 09:14:22 - msg_id_0100 ==> 7E010000366600000000020080000000000000000000000000000000000000000000000000000000000000000000000000000000000000000000000000000000000000D37E
2026-03-27 09:26:20 - msg_id_0100 ==> 7E010000366600000000020180000000000000000000000000000000000000000000000000000000000000000000000000000000000000000000000000000000000000D27E
2026-03-27 09:38:18 - msg_id_0100 ==> 7E010000366600000000020280000000000000000000000000000000000000000000000000000000000000000000000000000000000000000000000000000000000000D17E
2026-03-27 09:50:15 - msg_id_0100 ==> 7E010000366600000000020380000000000000000000000000000000000000000000000000000000000000000000000000000000000000000000000000000000000000D07E
2026-03-27 10:02:13 - msg_id_0100 ==> 7E010000366600000000020480000000000000000000000000000000000000000000000000000000000000000000000000000000000000000000000000000000000000D77E
2026-03-27 10:14:10 - msg_id_0100 ==> 7E010000366600000000020580000000000000000000000000000000000000000000000000000000000000000000000000000000000000000000000000000000000000D67E
2026-03-27 10:26:08 - msg_id_0100 ==> 7E010000366600000000020680000000000000000000000000000000000000000000000000000000000000000000000000000000000000000000000000000000000000D57E
2026-03-27 10:38:05 - msg_id_0100 ==> 7E010000366600000000020780000000000000000000000000000000000000000000000000000000000000000000000000000000000000000000000000000000000000D47E
2026-03-27 10:50:03 - msg_id_0100 ==> 7E010000366600000000020880000000000000000000000000000000000000000000000000000000000000000000000000000000000000000000000000000000000000DB7E
2026-03-27 11:02:01 - msg_id_0100 ==> 7E010000366600000000020980000000000000000000000000000000000000000000000000000000000000000000000000000000000000000000000000000000000000DA7E
2026-03-27 11:05:11 - msg_id_0100 ==> 7E010000366600000000020000000000000000000000000000000000000000000000000000000000000000000000000000000000000000000000000000000000000000537E
2026-03-27 11:12:09 - msg_id_0100 ==> 7E010000366600000000020000000000000000000000000000000000000000000000000000000000000000000000000000000000000000000000000000000000000000537E
2026-03-27 11:18:06 - msg_id_0100 ==> 7E010000366600000000020080000000000000000000000000000000000000000000000000000000000000000000000000000000000000000000000000000000000000D37E
2026-03-27 11:30:04 - msg_id_0100 ==> 7E010000366600000000020180000000000000000000000000000000000000000000000000000000000000000000000000000000000000000000000000000000000000D27E
2026-03-27 11:42:01 - msg_id_0100 ==> 7E010000366600000000020280000000000000000000000000000000000000000000000000000000000000000000000000000000000000000000000000000000000000D17E
2026-03-27 11:53:59 - msg_id_0100 ==> 7E010000366600000000020380000000000000000000000000000000000000000000000000000000000000000000000000000000000000000000000000000000000000D07E
2026-03-27 12:05:56 - msg_id_0100 ==> 7E010000366600000000020480000000000000000000000000000000000000000000000000000000000000000000000000000000000000000000000000000000000000D77E
2026-03-27 12:17:54 - msg_id_0100 ==> 7E010000366600000000020580000000000000000000000000000000000000000000000000000000000000000000000000000000000000000000000000000000000000D67E
2026-03-27 12:29:51 - msg_id_0100 ==> 7E010000366600000000020680000000000000000000000000000000000000000000000000000000000000000000000000000000000000000000000000000000000000D57E
2026-03-27 12:41:49 - msg_id_0100 ==> 7E010000366600000000020780000000000000000000000000000000000000000000000000000000000000000000000000000000000000000000000000000000000000D47E
2026-03-27 12:53:46 - msg_id_0100 ==> 7E010000366600000000020880000000000000000000000000000000000000000000000000000000000000000000000000000000000000000000000000000000000000DB7E
2026-03-27 13:05:44 - msg_id_0100 ==> 7E010000366600000000020980000000000000000000000000000000000000000000000000000000000000000000000000000000000000000000000000000000000000DA7E
2026-03-27 13:17:42 - msg_id_0100 ==> 7E010000366600000000020A80000000000000000000000000000000000000000000000000000000000000000000000000000000000000000000000000000000000000D97E
2026-03-27 13:29:39 - msg_id_0100 ==> 7E010000366600000000020B80000000000000000000000000000000000000000000000000000000000000000000000000000000000000000000000000000000000000D87E
2026-03-27 13:41:37 - msg_id_0100 ==> 7E010000366600000000020C80000000000000000000000000000000000000000000000000000000000000000000000000000000000000000000000000000000000000DF7E
2026-03-27 13:53:34 - msg_id_0100 ==> 7E010000366600000000020D80000000000000000000000000000000000000000000000000000000000000000000000000000000000000000000000000000000000000DE7E
2026-03-27 14:05:32 - msg_id_0100 ==> 7E010000366600000000020E80000000000000000000000000000000000000000000000000000000000000000000000000000000000000000000000000000000000000DD7E
2026-03-27 14:17:30 - msg_id_0100 ==> 7E010000366600000000020F80000000000000000000000000000000000000000000000000000000000000000000000000000000000000000000000000000000000000DC7E
2026-03-27 14:29:27 - msg_id_0100 ==> 7E010000366600000000021080000000000000000000000000000000000000000000000000000000000000000000000000000000000000000000000000000000000000C37E
2026-03-27 14:41:25 - msg_id_0100 ==> 7E010000366600000000021180000000000000000000000000000000000000000000000000000000000000000000000000000000000000000000000000000000000000C27E
2026-03-27 14:53:22 - msg_id_0100 ==> 7E010000366600000000021280000000000000000000000000000000000000000000000000000000000000000000000000000000000000000000000000000000000000C17E
2026-03-27 15:05:20 - msg_id_0100 ==> 7E010000366600000000021380000000000000000000000000000000000000000000000000000000000000000000000000000000000000000000000000000000000000C07E
2026-03-27 15:17:18 - msg_id_0100 ==> 7E010000366600000000021480000000000000000000000000000000000000000000000000000000000000000000000000000000000000000000000000000000000000C77E
2026-03-27 15:29:15 - msg_id_0100 ==> 7E010000366600000000021580000000000000000000000000000000000000000000000000000000000000000000000000000000000000000000000000000000000000C67E
2026-03-27 15:41:13 - msg_id_0100 ==> 7E010000366600000000021680000000000000000000000000000000000000000000000000000000000000000000000000000000000000000000000000000000000000C57E
2026-03-27 15:50:12 - msg_id_0100 ==> 7E010000366600000000020000000000000000000000000000000000000000000000000000000000000000000000000000000000000000000000000000000000000000537E
2026-03-27 15:56:09 - msg_id_0100 ==> 7E010000366600000000020080000000000000000000000000000000000000000000000000000000000000000000000000000000000000000000000000000000000000D37E
2026-03-27 16:08:07 - msg_id_0100 ==> 7E010000366600000000020180000000000000000000000000000000000000000000000000000000000000000000000000000000000000000000000000000000000000D27E
2026-03-27 16:20:05 - msg_id_0100 ==> 7E010000366600000000020280000000000000000000000000000000000000000000000000000000000000000000000000000000000000000000000000000000000000D17E
2026-03-27 16:32:02 - msg_id_0100 ==> 7E010000366600000000020380000000000000000000000000000000000000000000000000000000000000000000000000000000000000000000000000000000000000D07E
2026-03-27 16:44:00 - msg_id_0100 ==> 7E010000366600000000020480000000000000000000000000000000000000000000000000000000000000000000000000000000000000000000000000000000000000D77E
2026-03-27 16:55:57 - msg_id_0100 ==> 7E010000366600000000020580000000000000000000000000000000000000000000000000000000000000000000000000000000000000000000000000000000000000D67E
2026-03-27 17:07:55 - msg_id_0100 ==> 7E010000366600000000020681000000000000000000000000000000000000000000000000000000000000000000000000000000000000000000000000000000000000D47E
2026-03-27 17:19:48 - msg_id_0100 ==> 7E010000366600000000020780000000000000000000000000000000000000000000000000000000000000000000000000000000000000000000000000000000000000D47E
2026-03-27 17:31:45 - msg_id_0100 ==> 7E010000366600000000020880000000000000000000000000000000000000000000000000000000000000000000000000000000000000000000000000000000000000DB7E
2026-03-27 17:43:43 - msg_id_0100 ==> 7E010000366600000000020980000000000000000000000000000000000000000000000000000000000000000000000000000000000000000000000000000000000000DA7E
2026-03-27 17:55:40 - msg_id_0100 ==> 7E010000366600000000020A80000000000000000000000000000000000000000000000000000000000000000000000000000000000000000000000000000000000000D97E
2026-03-27 18:07:38 - msg_id_0100 ==> 7E010000366600000000020B80000000000000000000000000000000000000000000000000000000000000000000000000000000000000000000000000000000000000D87E
2026-03-27 18:19:35 - msg_id_0100 ==> 7E010000366600000000020C80000000000000000000000000000000000000000000000000000000000000000000000000000000000000000000000000000000000000DF7E
2026-03-27 18:31:33 - msg_id_0100 ==> 7E010000366600000000020D80000000000000000000000000000000000000000000000000000000000000000000000000000000000000000000000000000000000000DE7E
2026-03-27 18:43:31 - msg_id_0100 ==> 7E010000366600000000020E80000000000000000000000000000000000000000000000000000000000000000000000000000000000000000000000000000000000000DD7E
2026-03-27 18:56:39 - msg_id_0100 ==> 7E010000366600000000020000000000000000000000000000000000000000000000000000000000000000000000000000000000000000000000000000000000000000537E
2026-03-27 19:03:11 - msg_id_0100 ==> 7E010000366600000000020000000000000000000000000000000000000000000000000000000000000000000000000000000000000000000000000000000000000000537E
2026-03-27 19:09:43 - msg_id_0100 ==> 7E010000366600000000020000000000000000000000000000000000000000000000000000000000000000000000000000000000000000000000000000000000000000537E
2026-03-27 19:17:26 - msg_id_0100 ==> 7E010000366600000000020000000000000000000000000000000000000000000000000000000000000000000000000000000000000000000000000000000000000000537E
2026-03-27 19:23:23 - msg_id_0100 ==> 7E010000366600000000020080000000000000000000000000000000000000000000000000000000000000000000000000000000000000000000000000000000000000D37E
2026-03-27 19:35:20 - msg_id_0100 ==> 7E010000366600000000020180000000000000000000000000000000000000000000000000000000000000000000000000000000000000000000000000000000000000D27E
2026-03-27 19:47:18 - msg_id_0100 ==> 7E010000366600000000020280000000000000000000000000000000000000000000000000000000000000000000000000000000000000000000000000000000000000D17E
2026-03-27 19:59:17 - msg_id_0100 ==> 7E010000366600000000020380000000000000000000000000000000000000000000000000000000000000000000000000000000000000000000000000000000000000D07E
2026-03-27 20:11:15 - msg_id_0100 ==> 7E010000366600000000020480000000000000000000000000000000000000000000000000000000000000000000000000000000000000000000000000000000000000D77E
2026-03-27 20:24:23 - msg_id_0100 ==> 7E010000366600000000020000000000000000000000000000000000000000000000000000000000000000000000000000000000000000000000000000000000000000537E
2026-03-27 20:30:56 - msg_id_0100 ==> 7E010000366600000000020000000000000000000000000000000000000000000000000000000000000000000000000000000000000000000000000000000000000000537E
2026-03-27 20:37:35 - msg_id_0100 ==> 7E010000366600000000020000000000000000000000000000000000000000000000000000000000000000000000000000000000000000000000000000000000000000537E
2026-03-27 20:44:07 - msg_id_0100 ==> 7E010000366600000000020000000000000000000000000000000000000000000000000000000000000000000000000000000000000000000000000000000000000000537E
2026-03-27 20:51:15 - msg_id_0100 ==> 7E010000366600000000020000000000000000000000000000000000000000000000000000000000000000000000000000000000000000000000000000000000000000537E
2026-03-27 20:57:12 - msg_id_0100 ==> 7E010000366600000000020080000000000000000000000000000000000000000000000000000000000000000000000000000000000000000000000000000000000000D37E
2026-03-27 21:09:44 - msg_id_0100 ==> 7E010000366600000000020000000000000000000000000000000000000000000000000000000000000000000000000000000000000000000000000000000000000000537E
2026-03-27 21:15:41 - msg_id_0100 ==> 7E010000366600000000020080000000000000000000000000000000000000000000000000000000000000000000000000000000000000000000000000000000000000D37E
2026-03-27 21:31:45 - msg_id_0100 ==> 7E010000366600000000020000000000000000000000000000000000000000000000000000000000000000000000000000000000000000000000000000000000000000537E
2026-03-27 21:37:42 - msg_id_0100 ==> 7E010000366600000000020080000000000000000000000000000000000000000000000000000000000000000000000000000000000000000000000000000000000000D37E
2026-03-27 21:50:15 - msg_id_0100 ==> 7E010000366600000000020000000000000000000000000000000000000000000000000000000000000000000000000000000000000000000000000000000000000000537E
2026-03-27 21:57:03 - msg_id_0100 ==> 7E010000366600000000020000000000000000000000000000000000000000000000000000000000000000000000000000000000000000000000000000000000000000537E
2026-03-27 22:03:00 - msg_id_0100 ==> 7E010000366600000000020080000000000000000000000000000000000000000000000000000000000000000000000000000000000000000000000000000000000000D37E
2026-03-27 22:15:33 - msg_id_0100 ==> 7E010000366600000000020000000000000000000000000000000000000000000000000000000000000000000000000000000000000000000000000000000000000000537E
2026-03-27 22:22:05 - msg_id_0100 ==> 7E010000366600000000020000000000000000000000000000000000000000000000000000000000000000000000000000000000000000000000000000000000000000537E
2026-03-27 22:28:02 - msg_id_0100 ==> 7E010000366600000000020080000000000000000000000000000000000000000000000000000000000000000000000000000000000000000000000000000000000000D37E
2026-03-27 22:39:59 - msg_id_0100 ==> 7E010000366600000000020180000000000000000000000000000000000000000000000000000000000000000000000000000000000000000000000000000000000000D27E
2026-03-27 22:51:57 - msg_id_0100 ==> 7E010000366600000000020280000000000000000000000000000000000000000000000000000000000000000000000000000000000000000000000000000000000000D17E
2026-03-27 23:03:54 - msg_id_0100 ==> 7E010000366600000000020380000000000000000000000000000000000000000000000000000000000000000000000000000000000000000000000000000000000000D07E
2026-03-27 23:17:03 - msg_id_0100 ==> 7E010000366600000000020000000000000000000000000000000000000000000000000000000000000000000000000000000000000000000000000000000000000000537E
2026-03-27 23:24:10 - msg_id_0100 ==> 7E010000366600000000020000000000000000000000000000000000000000000000000000000000000000000000000000000000000000000000000000000000000000537E
2026-03-27 23:30:07 - msg_id_0100 ==> 7E010000366600000000020080000000000000000000000000000000000000000000000000000000000000000000000000000000000000000000000000000000000000D37E
2026-03-27 23:42:05 - msg_id_0100 ==> 7E010000366600000000020180000000000000000000000000000000000000000000000000000000000000000000000000000000000000000000000000000000000000D27E
2026-03-27 23:54:02 - msg_id_0100 ==> 7E010000366600000000020280000000000000000000000000000000000000000000000000000000000000000000000000000000000000000000000000000000000000D17E
