2026-03-30 00:06:43 - msg_id_0102 ==> 7E01020006660000000002CE81313233343536297E
2026-03-30 00:18:41 - msg_id_0102 ==> 7E01020006660000000002CF81313233343536287E
2026-03-30 00:30:39 - msg_id_0102 ==> 7E01020006660000000002D081313233343536377E
2026-03-30 00:42:36 - msg_id_0102 ==> 7E01020006660000000002D181313233343536367E
2026-03-30 00:54:34 - msg_id_0102 ==> 7E01020006660000000002D281313233343536357E
2026-03-30 01:06:31 - msg_id_0102 ==> 7E01020006660000000002D381313233343536347E
2026-03-30 01:18:29 - msg_id_0102 ==> 7E01020006660000000002D481313233343536337E
2026-03-30 01:30:26 - msg_id_0102 ==> 7E01020006660000000002D581313233343536327E
2026-03-30 01:42:24 - msg_id_0102 ==> 7E01020006660000000002D681313233343536317E
2026-03-30 01:54:21 - msg_id_0102 ==> 7E01020006660000000002D781313233343536307E
2026-03-30 02:06:19 - msg_id_0102 ==> 7E01020006660000000002D8813132333435363F7E
2026-03-30 02:18:17 - msg_id_0102 ==> 7E01020006660000000002D9813132333435363E7E
2026-03-30 02:30:14 - msg_id_0102 ==> 7E01020006660000000002DA813132333435363D7E
2026-03-30 02:42:12 - msg_id_0102 ==> 7E01020006660000000002DB813132333435363C7E
2026-03-30 02:54:09 - msg_id_0102 ==> 7E01020006660000000002DC813132333435363B7E
2026-03-30 03:06:07 - msg_id_0102 ==> 7E01020006660000000002DD813132333435363A7E
2026-03-30 03:18:04 - msg_id_0102 ==> 7E01020006660000000002DE81313233343536397E
2026-03-30 03:30:02 - msg_id_0102 ==> 7E01020006660000000002DF81313233343536387E
2026-03-30 03:41:59 - msg_id_0102 ==> 7E01020006660000000002E081313233343536077E
2026-03-30 03:53:57 - msg_id_0102 ==> 7E01020006660000000002E181313233343536067E
2026-03-30 04:05:54 - msg_id_0102 ==> 7E01020006660000000002E281313233343536057E
2026-03-30 04:17:52 - msg_id_0102 ==> 7E01020006660000000002E381313233343536047E
2026-03-30 04:29:50 - msg_id_0102 ==> 7E01020006660000000002E481313233343536037E
2026-03-30 04:41:47 - msg_id_0102 ==> 7E01020006660000000002E581313233343536027E
2026-03-30 04:53:45 - msg_id_0102 ==> 7E01020006660000000002E681313233343536017E
2026-03-30 05:05:42 - msg_id_0102 ==> 7E01020006660000000002E781313233343536007E
2026-03-30 05:17:40 - msg_id_0102 ==> 7E01020006660000000002E8813132333435360F7E
2026-03-30 05:29:37 - msg_id_0102 ==> 7E01020006660000000002E9813132333435360E7E
2026-03-30 05:41:35 - msg_id_0102 ==> 7E01020006660000000002EA813132333435360D7E
2026-03-30 05:53:32 - msg_id_0102 ==> 7E01020006660000000002EB813132333435360C7E
2026-03-30 06:05:30 - msg_id_0102 ==> 7E01020006660000000002EC813132333435360B7E
2026-03-30 06:17:27 - msg_id_0102 ==> 7E01020006660000000002ED813132333435360A7E
2026-03-30 06:29:25 - msg_id_0102 ==> 7E01020006660000000002EE81313233343536097E
2026-03-30 06:41:23 - msg_id_0102 ==> 7E01020006660000000002EF81313233343536087E
2026-03-30 06:53:20 - msg_id_0102 ==> 7E01020006660000000002F081313233343536177E
2026-03-30 07:05:18 - msg_id_0102 ==> 7E01020006660000000002F181313233343536167E
2026-03-30 07:17:15 - msg_id_0102 ==> 7E01020006660000000002F281313233343536157E
2026-03-30 07:29:13 - msg_id_0102 ==> 7E01020006660000000002F381313233343536147E
2026-03-30 07:41:10 - msg_id_0102 ==> 7E01020006660000000002F481313233343536137E
2026-03-30 07:53:08 - msg_id_0102 ==> 7E01020006660000000002F581313233343536127E
2026-03-30 08:05:06 - msg_id_0102 ==> 7E01020006660000000002F681313233343536117E
2026-03-30 08:17:03 - msg_id_0102 ==> 7E01020006660000000002F781313233343536107E
2026-03-30 08:29:01 - msg_id_0102 ==> 7E01020006660000000002F8813132333435361F7E
2026-03-30 08:40:58 - msg_id_0102 ==> 7E01020006660000000002F9813132333435361E7E
2026-03-30 08:52:56 - msg_id_0102 ==> 7E01020006660000000002FA813132333435361D7E
2026-03-30 09:04:53 - msg_id_0102 ==> 7E01020006660000000002FB813132333435361C7E
2026-03-30 09:16:51 - msg_id_0102 ==> 7E01020006660000000002FC813132333435361B7E
2026-03-30 09:28:48 - msg_id_0102 ==> 7E01020006660000000002FD813132333435361A7E
2026-03-30 09:40:47 - msg_id_0102 ==> 7E01020006660000000002FE81313233343536197E
2026-03-30 09:52:45 - msg_id_0102 ==> 7E01020006660000000002FF81313233343536187E
2026-03-30 10:04:43 - msg_id_0102 ==> 7E010200066600000000020082313233343536E47E
2026-03-30 10:16:40 - msg_id_0102 ==> 7E010200066600000000020181313233343536E67E
2026-03-30 10:28:38 - msg_id_0102 ==> 7E010200066600000000020281313233343536E57E
2026-03-30 10:40:35 - msg_id_0102 ==> 7E010200066600000000020381313233343536E47E
2026-03-30 10:52:33 - msg_id_0102 ==> 7E010200066600000000020481313233343536E37E
2026-03-30 11:04:30 - msg_id_0102 ==> 7E010200066600000000020581313233343536E27E
2026-03-30 11:16:28 - msg_id_0102 ==> 7E010200066600000000020681313233343536E17E
2026-03-30 11:28:26 - msg_id_0102 ==> 7E010200066600000000020781313233343536E07E
2026-03-30 11:40:23 - msg_id_0102 ==> 7E010200066600000000020881313233343536EF7E
2026-03-30 11:52:21 - msg_id_0102 ==> 7E010200066600000000020981313233343536EE7E
2026-03-30 12:04:18 - msg_id_0102 ==> 7E010200066600000000020A81313233343536ED7E
2026-03-30 12:16:16 - msg_id_0102 ==> 7E010200066600000000020B81313233343536EC7E
