2026-03-30 00:06:43 - msg_id_0100 ==> 7E01000036660000000002CE800000000000000000000000000000000000000000000000000000000000000000000000000000000000000000000000000000000000001D7E
2026-03-30 00:18:41 - msg_id_0100 ==> 7E01000036660000000002CF800000000000000000000000000000000000000000000000000000000000000000000000000000000000000000000000000000000000001C7E
2026-03-30 00:30:39 - msg_id_0100 ==> 7E01000036660000000002D080000000000000000000000000000000000000000000000000000000000000000000000000000000000000000000000000000000000000037E
2026-03-30 00:42:36 - msg_id_0100 ==> 7E01000036660000000002D180000000000000000000000000000000000000000000000000000000000000000000000000000000000000000000000000000000000000027E
2026-03-30 00:54:34 - msg_id_0100 ==> 7E01000036660000000002D280000000000000000000000000000000000000000000000000000000000000000000000000000000000000000000000000000000000000017E
2026-03-30 01:06:31 - msg_id_0100 ==> 7E01000036660000000002D380000000000000000000000000000000000000000000000000000000000000000000000000000000000000000000000000000000000000007E
2026-03-30 01:18:29 - msg_id_0100 ==> 7E01000036660000000002D480000000000000000000000000000000000000000000000000000000000000000000000000000000000000000000000000000000000000077E
2026-03-30 01:30:26 - msg_id_0100 ==> 7E01000036660000000002D580000000000000000000000000000000000000000000000000000000000000000000000000000000000000000000000000000000000000067E
2026-03-30 01:42:24 - msg_id_0100 ==> 7E01000036660000000002D680000000000000000000000000000000000000000000000000000000000000000000000000000000000000000000000000000000000000057E
2026-03-30 01:54:21 - msg_id_0100 ==> 7E01000036660000000002D780000000000000000000000000000000000000000000000000000000000000000000000000000000000000000000000000000000000000047E
2026-03-30 02:06:19 - msg_id_0100 ==> 7E01000036660000000002D8800000000000000000000000000000000000000000000000000000000000000000000000000000000000000000000000000000000000000B7E
2026-03-30 02:18:16 - msg_id_0100 ==> 7E01000036660000000002D9800000000000000000000000000000000000000000000000000000000000000000000000000000000000000000000000000000000000000A7E
2026-03-30 02:30:14 - msg_id_0100 ==> 7E01000036660000000002DA80000000000000000000000000000000000000000000000000000000000000000000000000000000000000000000000000000000000000097E
2026-03-30 02:42:12 - msg_id_0100 ==> 7E01000036660000000002DB80000000000000000000000000000000000000000000000000000000000000000000000000000000000000000000000000000000000000087E
2026-03-30 02:54:09 - msg_id_0100 ==> 7E01000036660000000002DC800000000000000000000000000000000000000000000000000000000000000000000000000000000000000000000000000000000000000F7E
2026-03-30 03:06:07 - msg_id_0100 ==> 7E01000036660000000002DD800000000000000000000000000000000000000000000000000000000000000000000000000000000000000000000000000000000000000E7E
2026-03-30 03:18:04 - msg_id_0100 ==> 7E01000036660000000002DE800000000000000000000000000000000000000000000000000000000000000000000000000000000000000000000000000000000000000D7E
2026-03-30 03:30:02 - msg_id_0100 ==> 7E01000036660000000002DF800000000000000000000000000000000000000000000000000000000000000000000000000000000000000000000000000000000000000C7E
2026-03-30 03:41:59 - msg_id_0100 ==> 7E01000036660000000002E080000000000000000000000000000000000000000000000000000000000000000000000000000000000000000000000000000000000000337E
2026-03-30 03:53:57 - msg_id_0100 ==> 7E01000036660000000002E180000000000000000000000000000000000000000000000000000000000000000000000000000000000000000000000000000000000000327E
2026-03-30 04:05:54 - msg_id_0100 ==> 7E01000036660000000002E280000000000000000000000000000000000000000000000000000000000000000000000000000000000000000000000000000000000000317E
2026-03-30 04:17:52 - msg_id_0100 ==> 7E01000036660000000002E380000000000000000000000000000000000000000000000000000000000000000000000000000000000000000000000000000000000000307E
2026-03-30 04:29:50 - msg_id_0100 ==> 7E01000036660000000002E480000000000000000000000000000000000000000000000000000000000000000000000000000000000000000000000000000000000000377E
2026-03-30 04:41:47 - msg_id_0100 ==> 7E01000036660000000002E580000000000000000000000000000000000000000000000000000000000000000000000000000000000000000000000000000000000000367E
2026-03-30 04:53:45 - msg_id_0100 ==> 7E01000036660000000002E680000000000000000000000000000000000000000000000000000000000000000000000000000000000000000000000000000000000000357E
2026-03-30 05:05:42 - msg_id_0100 ==> 7E01000036660000000002E780000000000000000000000000000000000000000000000000000000000000000000000000000000000000000000000000000000000000347E
2026-03-30 05:17:40 - msg_id_0100 ==> 7E01000036660000000002E8800000000000000000000000000000000000000000000000000000000000000000000000000000000000000000000000000000000000003B7E
2026-03-30 05:29:37 - msg_id_0100 ==> 7E01000036660000000002E9800000000000000000000000000000000000000000000000000000000000000000000000000000000000000000000000000000000000003A7E
2026-03-30 05:41:35 - msg_id_0100 ==> 7E01000036660000000002EA80000000000000000000000000000000000000000000000000000000000000000000000000000000000000000000000000000000000000397E
2026-03-30 05:53:32 - msg_id_0100 ==> 7E01000036660000000002EB80000000000000000000000000000000000000000000000000000000000000000000000000000000000000000000000000000000000000387E
2026-03-30 06:05:30 - msg_id_0100 ==> 7E01000036660000000002EC800000000000000000000000000000000000000000000000000000000000000000000000000000000000000000000000000000000000003F7E
2026-03-30 06:17:27 - msg_id_0100 ==> 7E01000036660000000002ED800000000000000000000000000000000000000000000000000000000000000000000000000000000000000000000000000000000000003E7E
2026-03-30 06:29:25 - msg_id_0100 ==> 7E01000036660000000002EE800000000000000000000000000000000000000000000000000000000000000000000000000000000000000000000000000000000000003D7E
2026-03-30 06:41:23 - msg_id_0100 ==> 7E01000036660000000002EF800000000000000000000000000000000000000000000000000000000000000000000000000000000000000000000000000000000000003C7E
2026-03-30 06:53:20 - msg_id_0100 ==> 7E01000036660000000002F080000000000000000000000000000000000000000000000000000000000000000000000000000000000000000000000000000000000000237E
2026-03-30 07:05:18 - msg_id_0100 ==> 7E01000036660000000002F180000000000000000000000000000000000000000000000000000000000000000000000000000000000000000000000000000000000000227E
2026-03-30 07:17:15 - msg_id_0100 ==> 7E01000036660000000002F280000000000000000000000000000000000000000000000000000000000000000000000000000000000000000000000000000000000000217E
2026-03-30 07:29:13 - msg_id_0100 ==> 7E01000036660000000002F380000000000000000000000000000000000000000000000000000000000000000000000000000000000000000000000000000000000000207E
2026-03-30 07:41:10 - msg_id_0100 ==> 7E01000036660000000002F480000000000000000000000000000000000000000000000000000000000000000000000000000000000000000000000000000000000000277E
2026-03-30 07:53:08 - msg_id_0100 ==> 7E01000036660000000002F580000000000000000000000000000000000000000000000000000000000000000000000000000000000000000000000000000000000000267E
2026-03-30 08:05:06 - msg_id_0100 ==> 7E01000036660000000002F680000000000000000000000000000000000000000000000000000000000000000000000000000000000000000000000000000000000000257E
2026-03-30 08:17:03 - msg_id_0100 ==> 7E01000036660000000002F780000000000000000000000000000000000000000000000000000000000000000000000000000000000000000000000000000000000000247E
2026-03-30 08:29:01 - msg_id_0100 ==> 7E01000036660000000002F8800000000000000000000000000000000000000000000000000000000000000000000000000000000000000000000000000000000000002B7E
2026-03-30 08:40:58 - msg_id_0100 ==> 7E01000036660000000002F9800000000000000000000000000000000000000000000000000000000000000000000000000000000000000000000000000000000000002A7E
2026-03-30 08:52:56 - msg_id_0100 ==> 7E01000036660000000002FA80000000000000000000000000000000000000000000000000000000000000000000000000000000000000000000000000000000000000297E
2026-03-30 09:04:53 - msg_id_0100 ==> 7E01000036660000000002FB80000000000000000000000000000000000000000000000000000000000000000000000000000000000000000000000000000000000000287E
2026-03-30 09:16:51 - msg_id_0100 ==> 7E01000036660000000002FC800000000000000000000000000000000000000000000000000000000000000000000000000000000000000000000000000000000000002F7E
2026-03-30 09:28:48 - msg_id_0100 ==> 7E01000036660000000002FD800000000000000000000000000000000000000000000000000000000000000000000000000000000000000000000000000000000000002E7E
2026-03-30 09:40:47 - msg_id_0100 ==> 7E01000036660000000002FE800000000000000000000000000000000000000000000000000000000000000000000000000000000000000000000000000000000000002D7E
2026-03-30 09:52:45 - msg_id_0100 ==> 7E01000036660000000002FF800000000000000000000000000000000000000000000000000000000000000000000000000000000000000000000000000000000000002C7E
2026-03-30 10:04:42 - msg_id_0100 ==> 7E010000366600000000020081000000000000000000000000000000000000000000000000000000000000000000000000000000000000000000000000000000000000D27E
2026-03-30 10:16:40 - msg_id_0100 ==> 7E010000366600000000020180000000000000000000000000000000000000000000000000000000000000000000000000000000000000000000000000000000000000D27E
2026-03-30 10:28:38 - msg_id_0100 ==> 7E010000366600000000020280000000000000000000000000000000000000000000000000000000000000000000000000000000000000000000000000000000000000D17E
2026-03-30 10:40:35 - msg_id_0100 ==> 7E010000366600000000020380000000000000000000000000000000000000000000000000000000000000000000000000000000000000000000000000000000000000D07E
2026-03-30 10:52:33 - msg_id_0100 ==> 7E010000366600000000020480000000000000000000000000000000000000000000000000000000000000000000000000000000000000000000000000000000000000D77E
2026-03-30 11:04:30 - msg_id_0100 ==> 7E010000366600000000020580000000000000000000000000000000000000000000000000000000000000000000000000000000000000000000000000000000000000D67E
2026-03-30 11:16:28 - msg_id_0100 ==> 7E010000366600000000020680000000000000000000000000000000000000000000000000000000000000000000000000000000000000000000000000000000000000D57E
2026-03-30 11:28:26 - msg_id_0100 ==> 7E010000366600000000020780000000000000000000000000000000000000000000000000000000000000000000000000000000000000000000000000000000000000D47E
2026-03-30 11:40:23 - msg_id_0100 ==> 7E010000366600000000020880000000000000000000000000000000000000000000000000000000000000000000000000000000000000000000000000000000000000DB7E
2026-03-30 11:52:21 - msg_id_0100 ==> 7E010000366600000000020980000000000000000000000000000000000000000000000000000000000000000000000000000000000000000000000000000000000000DA7E
2026-03-30 12:04:18 - msg_id_0100 ==> 7E010000366600000000020A80000000000000000000000000000000000000000000000000000000000000000000000000000000000000000000000000000000000000D97E
2026-03-30 12:16:16 - msg_id_0100 ==> 7E010000366600000000020B80000000000000000000000000000000000000000000000000000000000000000000000000000000000000000000000000000000000000D87E
