2026-03-28 00:07:10 - msg_id_0102 ==> 7E010200066600000000020001313233343536677E
2026-03-28 00:13:07 - msg_id_0102 ==> 7E010200066600000000020081313233343536E77E
2026-03-28 00:25:40 - msg_id_0102 ==> 7E010200066600000000020001313233343536677E
2026-03-28 00:31:37 - msg_id_0102 ==> 7E010200066600000000020081313233343536E77E
2026-03-28 00:44:45 - msg_id_0102 ==> 7E010200066600000000020001313233343536677E
2026-03-28 00:53:03 - msg_id_0102 ==> 7E010200066600000000020001313233343536677E
2026-03-28 01:00:10 - msg_id_0102 ==> 7E010200066600000000020001313233343536677E
2026-03-28 01:06:07 - msg_id_0102 ==> 7E010200066600000000020081313233343536E77E
2026-03-28 01:19:50 - msg_id_0102 ==> 7E010200066600000000020001313233343536677E
2026-03-28 01:27:33 - msg_id_0102 ==> 7E010200066600000000020001313233343536677E
2026-03-28 01:34:05 - msg_id_0102 ==> 7E010200066600000000020001313233343536677E
2026-03-28 01:40:02 - msg_id_0102 ==> 7E010200066600000000020081313233343536E77E
2026-03-28 01:52:35 - msg_id_0102 ==> 7E010200066600000000020001313233343536677E
2026-03-28 01:58:32 - msg_id_0102 ==> 7E010200066600000000020081313233343536E77E
2026-03-28 02:11:05 - msg_id_0102 ==> 7E010200066600000000020001313233343536677E
2026-03-28 02:18:12 - msg_id_0102 ==> 7E010200066600000000020001313233343536677E
2026-03-28 02:24:45 - msg_id_0102 ==> 7E010200066600000000020001313233343536677E
2026-03-28 02:30:41 - msg_id_0102 ==> 7E010200066600000000020081313233343536E77E
2026-03-28 02:42:39 - msg_id_0102 ==> 7E010200066600000000020181313233343536E67E
2026-03-28 02:55:12 - msg_id_0102 ==> 7E010200066600000000020001313233343536677E
2026-03-28 03:01:09 - msg_id_0102 ==> 7E010200066600000000020081313233343536E77E
2026-03-28 03:13:06 - msg_id_0102 ==> 7E010200066600000000020181313233343536E67E
2026-03-28 03:25:04 - msg_id_0102 ==> 7E010200066600000000020281313233343536E57E
2026-03-28 03:37:37 - msg_id_0102 ==> 7E010200066600000000020001313233343536677E
2026-03-28 03:43:33 - msg_id_0102 ==> 7E010200066600000000020081313233343536E77E
2026-03-28 03:56:41 - msg_id_0102 ==> 7E010200066600000000020001313233343536677E
2026-03-28 04:02:38 - msg_id_0102 ==> 7E010200066600000000020081313233343536E77E
2026-03-28 04:15:11 - msg_id_0102 ==> 7E010200066600000000020001313233343536677E
2026-03-28 04:21:08 - msg_id_0102 ==> 7E010200066600000000020081313233343536E77E
2026-03-28 04:33:41 - msg_id_0102 ==> 7E010200066600000000020001313233343536677E
2026-03-28 04:41:24 - msg_id_0102 ==> 7E010200066600000000020001313233343536677E
2026-03-28 04:49:06 - msg_id_0102 ==> 7E010200066600000000020001313233343536677E
2026-03-28 04:55:03 - msg_id_0102 ==> 7E010200066600000000020081313233343536E77E
2026-03-28 05:07:01 - msg_id_0102 ==> 7E010200066600000000020181313233343536E67E
2026-03-28 05:18:58 - msg_id_0102 ==> 7E010200066600000000020281313233343536E57E
2026-03-28 05:32:07 - msg_id_0102 ==> 7E010200066600000000020001313233343536677E
2026-03-28 05:38:04 - msg_id_0102 ==> 7E010200066600000000020081313233343536E77E
2026-03-28 05:50:36 - msg_id_0102 ==> 7E010200066600000000020001313233343536677E
2026-03-28 05:56:33 - msg_id_0102 ==> 7E010200066600000000020081313233343536E77E
2026-03-28 06:08:31 - msg_id_0102 ==> 7E010200066600000000020181313233343536E67E
2026-03-28 06:20:29 - msg_id_0102 ==> 7E010200066600000000020281313233343536E57E
2026-03-28 06:32:26 - msg_id_0102 ==> 7E010200066600000000020381313233343536E47E
2026-03-28 06:44:24 - msg_id_0102 ==> 7E010200066600000000020481313233343536E37E
2026-03-28 06:56:57 - msg_id_0102 ==> 7E010200066600000000020001313233343536677E
2026-03-28 07:02:53 - msg_id_0102 ==> 7E010200066600000000020081313233343536E77E
2026-03-28 07:14:51 - msg_id_0102 ==> 7E010200066600000000020181313233343536E67E
2026-03-28 07:26:48 - msg_id_0102 ==> 7E010200066600000000020281313233343536E57E
2026-03-28 07:38:46 - msg_id_0102 ==> 7E010200066600000000020381313233343536E47E
2026-03-28 07:50:44 - msg_id_0102 ==> 7E010200066600000000020481313233343536E37E
2026-03-28 08:02:41 - msg_id_0102 ==> 7E010200066600000000020581313233343536E27E
2026-03-28 08:14:39 - msg_id_0102 ==> 7E010200066600000000020681313233343536E17E
2026-03-28 08:26:36 - msg_id_0102 ==> 7E010200066600000000020781313233343536E07E
2026-03-28 08:38:34 - msg_id_0102 ==> 7E010200066600000000020881313233343536EF7E
2026-03-28 08:50:31 - msg_id_0102 ==> 7E010200066600000000020981313233343536EE7E
2026-03-28 09:02:29 - msg_id_0102 ==> 7E010200066600000000020A81313233343536ED7E
2026-03-28 09:14:27 - msg_id_0102 ==> 7E010200066600000000020B81313233343536EC7E
2026-03-28 09:26:24 - msg_id_0102 ==> 7E010200066600000000020C81313233343536EB7E
2026-03-28 09:38:22 - msg_id_0102 ==> 7E010200066600000000020D81313233343536EA7E
2026-03-28 09:50:19 - msg_id_0102 ==> 7E010200066600000000020E81313233343536E97E
2026-03-28 10:02:17 - msg_id_0102 ==> 7E010200066600000000020F81313233343536E87E
2026-03-28 10:14:14 - msg_id_0102 ==> 7E010200066600000000021081313233343536F77E
2026-03-28 10:26:12 - msg_id_0102 ==> 7E010200066600000000021181313233343536F67E
2026-03-28 10:38:09 - msg_id_0102 ==> 7E010200066600000000021281313233343536F57E
2026-03-28 10:50:07 - msg_id_0102 ==> 7E010200066600000000021381313233343536F47E
2026-03-28 11:02:05 - msg_id_0102 ==> 7E010200066600000000021481313233343536F37E
2026-03-28 11:14:02 - msg_id_0102 ==> 7E010200066600000000021581313233343536F27E
2026-03-28 11:26:00 - msg_id_0102 ==> 7E010200066600000000021681313233343536F17E
2026-03-28 11:37:57 - msg_id_0102 ==> 7E010200066600000000021781313233343536F07E
2026-03-28 11:49:55 - msg_id_0102 ==> 7E010200066600000000021881313233343536FF7E
2026-03-28 12:01:53 - msg_id_0102 ==> 7E010200066600000000021981313233343536FE7E
2026-03-28 12:13:50 - msg_id_0102 ==> 7E010200066600000000021A81313233343536FD7E
2026-03-28 12:25:48 - msg_id_0102 ==> 7E010200066600000000021B81313233343536FC7E
2026-03-28 12:37:48 - msg_id_0102 ==> 7E010200066600000000021C81313233343536FB7E
2026-03-28 12:38:30 - msg_id_0102 ==> 7E010200066600000000021C90313233343536EA7E
2026-03-28 12:49:48 - msg_id_0102 ==> 7E010200066600000000021D81313233343536FA7E
2026-03-28 13:01:45 - msg_id_0102 ==> 7E010200066600000000021E81313233343536F97E
2026-03-28 13:13:43 - msg_id_0102 ==> 7E010200066600000000021F81313233343536F87E
2026-03-28 13:25:41 - msg_id_0102 ==> 7E010200066600000000022081313233343536C77E
2026-03-28 13:37:38 - msg_id_0102 ==> 7E010200066600000000022181313233343536C67E
2026-03-28 13:49:36 - msg_id_0102 ==> 7E010200066600000000022281313233343536C57E
2026-03-28 14:01:34 - msg_id_0102 ==> 7E010200066600000000022381313233343536C47E
2026-03-28 14:13:33 - msg_id_0102 ==> 7E010200066600000000022481313233343536C37E
2026-03-28 14:25:30 - msg_id_0102 ==> 7E010200066600000000022581313233343536C27E
2026-03-28 14:37:28 - msg_id_0102 ==> 7E010200066600000000022681313233343536C17E
2026-03-28 14:49:26 - msg_id_0102 ==> 7E010200066600000000022781313233343536C07E
2026-03-28 15:01:23 - msg_id_0102 ==> 7E010200066600000000022881313233343536CF7E
2026-03-28 15:13:21 - msg_id_0102 ==> 7E010200066600000000022981313233343536CE7E
2026-03-28 15:25:18 - msg_id_0102 ==> 7E010200066600000000022A81313233343536CD7E
2026-03-28 15:37:16 - msg_id_0102 ==> 7E010200066600000000022B81313233343536CC7E
2026-03-28 15:49:14 - msg_id_0102 ==> 7E010200066600000000022C81313233343536CB7E
2026-03-28 16:01:11 - msg_id_0102 ==> 7E010200066600000000022D81313233343536CA7E
2026-03-28 16:13:10 - msg_id_0102 ==> 7E010200066600000000022E81313233343536C97E
2026-03-28 16:25:07 - msg_id_0102 ==> 7E010200066600000000022F81313233343536C87E
2026-03-28 16:37:05 - msg_id_0102 ==> 7E010200066600000000023081313233343536D77E
2026-03-28 16:49:02 - msg_id_0102 ==> 7E010200066600000000023181313233343536D67E
2026-03-28 17:01:00 - msg_id_0102 ==> 7E010200066600000000023281313233343536D57E
2026-03-28 17:12:58 - msg_id_0102 ==> 7E010200066600000000023381313233343536D47E
2026-03-28 17:24:55 - msg_id_0102 ==> 7E010200066600000000023481313233343536D37E
2026-03-28 17:36:53 - msg_id_0102 ==> 7E010200066600000000023581313233343536D27E
2026-03-28 17:48:51 - msg_id_0102 ==> 7E010200066600000000023681313233343536D17E
2026-03-28 18:00:48 - msg_id_0102 ==> 7E010200066600000000023781313233343536D07E
2026-03-28 18:12:46 - msg_id_0102 ==> 7E010200066600000000023881313233343536DF7E
2026-03-28 18:24:43 - msg_id_0102 ==> 7E010200066600000000023981313233343536DE7E
2026-03-28 18:36:41 - msg_id_0102 ==> 7E010200066600000000023A81313233343536DD7E
2026-03-28 18:48:39 - msg_id_0102 ==> 7E010200066600000000023B81313233343536DC7E
2026-03-28 19:00:36 - msg_id_0102 ==> 7E010200066600000000023C81313233343536DB7E
2026-03-28 19:12:34 - msg_id_0102 ==> 7E010200066600000000023D81313233343536DA7E
2026-03-28 19:24:31 - msg_id_0102 ==> 7E010200066600000000023E81313233343536D97E
2026-03-28 19:36:29 - msg_id_0102 ==> 7E010200066600000000023F81313233343536D87E
2026-03-28 19:48:27 - msg_id_0102 ==> 7E010200066600000000024081313233343536A77E
2026-03-28 20:00:24 - msg_id_0102 ==> 7E010200066600000000024181313233343536A67E
2026-03-28 20:12:22 - msg_id_0102 ==> 7E010200066600000000024281313233343536A57E
2026-03-28 20:24:19 - msg_id_0102 ==> 7E010200066600000000024381313233343536A47E
2026-03-28 20:36:17 - msg_id_0102 ==> 7E010200066600000000024481313233343536A37E
2026-03-28 20:48:15 - msg_id_0102 ==> 7E010200066600000000024581313233343536A27E
2026-03-28 21:00:12 - msg_id_0102 ==> 7E010200066600000000024681313233343536A17E
2026-03-28 21:12:10 - msg_id_0102 ==> 7E010200066600000000024781313233343536A07E
2026-03-28 21:24:07 - msg_id_0102 ==> 7E010200066600000000024881313233343536AF7E
2026-03-28 21:36:05 - msg_id_0102 ==> 7E010200066600000000024981313233343536AE7E
2026-03-28 21:48:03 - msg_id_0102 ==> 7E010200066600000000024A81313233343536AD7E
2026-03-28 22:00:00 - msg_id_0102 ==> 7E010200066600000000024B81313233343536AC7E
2026-03-28 22:11:58 - msg_id_0102 ==> 7E010200066600000000024C81313233343536AB7E
2026-03-28 22:23:55 - msg_id_0102 ==> 7E010200066600000000024D81313233343536AA7E
2026-03-28 22:35:53 - msg_id_0102 ==> 7E010200066600000000024E81313233343536A97E
2026-03-28 22:47:50 - msg_id_0102 ==> 7E010200066600000000024F81313233343536A87E
2026-03-28 22:59:48 - msg_id_0102 ==> 7E010200066600000000025081313233343536B77E
2026-03-28 23:11:46 - msg_id_0102 ==> 7E010200066600000000025181313233343536B67E
2026-03-28 23:23:43 - msg_id_0102 ==> 7E010200066600000000025281313233343536B57E
2026-03-28 23:35:41 - msg_id_0102 ==> 7E010200066600000000025381313233343536B47E
2026-03-28 23:47:38 - msg_id_0102 ==> 7E010200066600000000025481313233343536B37E
2026-03-28 23:59:36 - msg_id_0102 ==> 7E010200066600000000025581313233343536B27E
