2026-03-28 00:07:10 - msg_id_0100 ==> 7E010000366600000000020000000000000000000000000000000000000000000000000000000000000000000000000000000000000000000000000000000000000000537E
2026-03-28 00:13:07 - msg_id_0100 ==> 7E010000366600000000020080000000000000000000000000000000000000000000000000000000000000000000000000000000000000000000000000000000000000D37E
2026-03-28 00:25:40 - msg_id_0100 ==> 7E010000366600000000020000000000000000000000000000000000000000000000000000000000000000000000000000000000000000000000000000000000000000537E
2026-03-28 00:31:37 - msg_id_0100 ==> 7E010000366600000000020080000000000000000000000000000000000000000000000000000000000000000000000000000000000000000000000000000000000000D37E
2026-03-28 00:44:45 - msg_id_0100 ==> 7E010000366600000000020000000000000000000000000000000000000000000000000000000000000000000000000000000000000000000000000000000000000000537E
2026-03-28 00:53:03 - msg_id_0100 ==> 7E010000366600000000020000000000000000000000000000000000000000000000000000000000000000000000000000000000000000000000000000000000000000537E
2026-03-28 01:00:10 - msg_id_0100 ==> 7E010000366600000000020000000000000000000000000000000000000000000000000000000000000000000000000000000000000000000000000000000000000000537E
2026-03-28 01:06:07 - msg_id_0100 ==> 7E010000366600000000020080000000000000000000000000000000000000000000000000000000000000000000000000000000000000000000000000000000000000D37E
2026-03-28 01:19:50 - msg_id_0100 ==> 7E010000366600000000020000000000000000000000000000000000000000000000000000000000000000000000000000000000000000000000000000000000000000537E
2026-03-28 01:27:33 - msg_id_0100 ==> 7E010000366600000000020000000000000000000000000000000000000000000000000000000000000000000000000000000000000000000000000000000000000000537E
2026-03-28 01:34:05 - msg_id_0100 ==> 7E010000366600000000020000000000000000000000000000000000000000000000000000000000000000000000000000000000000000000000000000000000000000537E
2026-03-28 01:40:02 - msg_id_0100 ==> 7E010000366600000000020080000000000000000000000000000000000000000000000000000000000000000000000000000000000000000000000000000000000000D37E
2026-03-28 01:52:35 - msg_id_0100 ==> 7E010000366600000000020000000000000000000000000000000000000000000000000000000000000000000000000000000000000000000000000000000000000000537E
2026-03-28 01:58:32 - msg_id_0100 ==> 7E010000366600000000020080000000000000000000000000000000000000000000000000000000000000000000000000000000000000000000000000000000000000D37E
2026-03-28 02:11:05 - msg_id_0100 ==> 7E010000366600000000020000000000000000000000000000000000000000000000000000000000000000000000000000000000000000000000000000000000000000537E
2026-03-28 02:18:12 - msg_id_0100 ==> 7E010000366600000000020000000000000000000000000000000000000000000000000000000000000000000000000000000000000000000000000000000000000000537E
2026-03-28 02:24:45 - msg_id_0100 ==> 7E010000366600000000020000000000000000000000000000000000000000000000000000000000000000000000000000000000000000000000000000000000000000537E
2026-03-28 02:30:41 - msg_id_0100 ==> 7E010000366600000000020080000000000000000000000000000000000000000000000000000000000000000000000000000000000000000000000000000000000000D37E
2026-03-28 02:42:39 - msg_id_0100 ==> 7E010000366600000000020180000000000000000000000000000000000000000000000000000000000000000000000000000000000000000000000000000000000000D27E
2026-03-28 02:55:12 - msg_id_0100 ==> 7E010000366600000000020000000000000000000000000000000000000000000000000000000000000000000000000000000000000000000000000000000000000000537E
2026-03-28 03:01:09 - msg_id_0100 ==> 7E010000366600000000020080000000000000000000000000000000000000000000000000000000000000000000000000000000000000000000000000000000000000D37E
2026-03-28 03:13:06 - msg_id_0100 ==> 7E010000366600000000020180000000000000000000000000000000000000000000000000000000000000000000000000000000000000000000000000000000000000D27E
2026-03-28 03:25:04 - msg_id_0100 ==> 7E010000366600000000020280000000000000000000000000000000000000000000000000000000000000000000000000000000000000000000000000000000000000D17E
2026-03-28 03:37:36 - msg_id_0100 ==> 7E010000366600000000020000000000000000000000000000000000000000000000000000000000000000000000000000000000000000000000000000000000000000537E
2026-03-28 03:43:33 - msg_id_0100 ==> 7E010000366600000000020080000000000000000000000000000000000000000000000000000000000000000000000000000000000000000000000000000000000000D37E
2026-03-28 03:56:41 - msg_id_0100 ==> 7E010000366600000000020000000000000000000000000000000000000000000000000000000000000000000000000000000000000000000000000000000000000000537E
2026-03-28 04:02:38 - msg_id_0100 ==> 7E010000366600000000020080000000000000000000000000000000000000000000000000000000000000000000000000000000000000000000000000000000000000D37E
2026-03-28 04:15:11 - msg_id_0100 ==> 7E010000366600000000020000000000000000000000000000000000000000000000000000000000000000000000000000000000000000000000000000000000000000537E
2026-03-28 04:21:08 - msg_id_0100 ==> 7E010000366600000000020080000000000000000000000000000000000000000000000000000000000000000000000000000000000000000000000000000000000000D37E
2026-03-28 04:33:41 - msg_id_0100 ==> 7E010000366600000000020000000000000000000000000000000000000000000000000000000000000000000000000000000000000000000000000000000000000000537E
2026-03-28 04:41:24 - msg_id_0100 ==> 7E010000366600000000020000000000000000000000000000000000000000000000000000000000000000000000000000000000000000000000000000000000000000537E
2026-03-28 04:49:06 - msg_id_0100 ==> 7E010000366600000000020000000000000000000000000000000000000000000000000000000000000000000000000000000000000000000000000000000000000000537E
2026-03-28 04:55:03 - msg_id_0100 ==> 7E010000366600000000020080000000000000000000000000000000000000000000000000000000000000000000000000000000000000000000000000000000000000D37E
2026-03-28 05:07:01 - msg_id_0100 ==> 7E010000366600000000020180000000000000000000000000000000000000000000000000000000000000000000000000000000000000000000000000000000000000D27E
2026-03-28 05:18:58 - msg_id_0100 ==> 7E010000366600000000020280000000000000000000000000000000000000000000000000000000000000000000000000000000000000000000000000000000000000D17E
2026-03-28 05:32:07 - msg_id_0100 ==> 7E010000366600000000020000000000000000000000000000000000000000000000000000000000000000000000000000000000000000000000000000000000000000537E
2026-03-28 05:38:04 - msg_id_0100 ==> 7E010000366600000000020080000000000000000000000000000000000000000000000000000000000000000000000000000000000000000000000000000000000000D37E
2026-03-28 05:50:36 - msg_id_0100 ==> 7E010000366600000000020000000000000000000000000000000000000000000000000000000000000000000000000000000000000000000000000000000000000000537E
2026-03-28 05:56:33 - msg_id_0100 ==> 7E010000366600000000020080000000000000000000000000000000000000000000000000000000000000000000000000000000000000000000000000000000000000D37E
2026-03-28 06:08:31 - msg_id_0100 ==> 7E010000366600000000020180000000000000000000000000000000000000000000000000000000000000000000000000000000000000000000000000000000000000D27E
2026-03-28 06:20:28 - msg_id_0100 ==> 7E010000366600000000020280000000000000000000000000000000000000000000000000000000000000000000000000000000000000000000000000000000000000D17E
2026-03-28 06:32:26 - msg_id_0100 ==> 7E010000366600000000020380000000000000000000000000000000000000000000000000000000000000000000000000000000000000000000000000000000000000D07E
2026-03-28 06:44:23 - msg_id_0100 ==> 7E010000366600000000020480000000000000000000000000000000000000000000000000000000000000000000000000000000000000000000000000000000000000D77E
2026-03-28 06:56:57 - msg_id_0100 ==> 7E010000366600000000020000000000000000000000000000000000000000000000000000000000000000000000000000000000000000000000000000000000000000537E
2026-03-28 07:02:53 - msg_id_0100 ==> 7E010000366600000000020080000000000000000000000000000000000000000000000000000000000000000000000000000000000000000000000000000000000000D37E
2026-03-28 07:14:51 - msg_id_0100 ==> 7E010000366600000000020180000000000000000000000000000000000000000000000000000000000000000000000000000000000000000000000000000000000000D27E
2026-03-28 07:26:48 - msg_id_0100 ==> 7E010000366600000000020280000000000000000000000000000000000000000000000000000000000000000000000000000000000000000000000000000000000000D17E
2026-03-28 07:38:46 - msg_id_0100 ==> 7E010000366600000000020380000000000000000000000000000000000000000000000000000000000000000000000000000000000000000000000000000000000000D07E
2026-03-28 07:50:43 - msg_id_0100 ==> 7E010000366600000000020480000000000000000000000000000000000000000000000000000000000000000000000000000000000000000000000000000000000000D77E
2026-03-28 08:02:41 - msg_id_0100 ==> 7E010000366600000000020580000000000000000000000000000000000000000000000000000000000000000000000000000000000000000000000000000000000000D67E
2026-03-28 08:14:39 - msg_id_0100 ==> 7E010000366600000000020680000000000000000000000000000000000000000000000000000000000000000000000000000000000000000000000000000000000000D57E
2026-03-28 08:26:36 - msg_id_0100 ==> 7E010000366600000000020780000000000000000000000000000000000000000000000000000000000000000000000000000000000000000000000000000000000000D47E
2026-03-28 08:38:34 - msg_id_0100 ==> 7E010000366600000000020880000000000000000000000000000000000000000000000000000000000000000000000000000000000000000000000000000000000000DB7E
2026-03-28 08:50:31 - msg_id_0100 ==> 7E010000366600000000020980000000000000000000000000000000000000000000000000000000000000000000000000000000000000000000000000000000000000DA7E
2026-03-28 09:02:29 - msg_id_0100 ==> 7E010000366600000000020A80000000000000000000000000000000000000000000000000000000000000000000000000000000000000000000000000000000000000D97E
2026-03-28 09:14:26 - msg_id_0100 ==> 7E010000366600000000020B80000000000000000000000000000000000000000000000000000000000000000000000000000000000000000000000000000000000000D87E
2026-03-28 09:26:24 - msg_id_0100 ==> 7E010000366600000000020C80000000000000000000000000000000000000000000000000000000000000000000000000000000000000000000000000000000000000DF7E
2026-03-28 09:38:22 - msg_id_0100 ==> 7E010000366600000000020D80000000000000000000000000000000000000000000000000000000000000000000000000000000000000000000000000000000000000DE7E
2026-03-28 09:50:19 - msg_id_0100 ==> 7E010000366600000000020E80000000000000000000000000000000000000000000000000000000000000000000000000000000000000000000000000000000000000DD7E
2026-03-28 10:02:17 - msg_id_0100 ==> 7E010000366600000000020F80000000000000000000000000000000000000000000000000000000000000000000000000000000000000000000000000000000000000DC7E
2026-03-28 10:14:14 - msg_id_0100 ==> 7E010000366600000000021080000000000000000000000000000000000000000000000000000000000000000000000000000000000000000000000000000000000000C37E
2026-03-28 10:26:12 - msg_id_0100 ==> 7E010000366600000000021180000000000000000000000000000000000000000000000000000000000000000000000000000000000000000000000000000000000000C27E
2026-03-28 10:38:09 - msg_id_0100 ==> 7E010000366600000000021280000000000000000000000000000000000000000000000000000000000000000000000000000000000000000000000000000000000000C17E
2026-03-28 10:50:07 - msg_id_0100 ==> 7E010000366600000000021380000000000000000000000000000000000000000000000000000000000000000000000000000000000000000000000000000000000000C07E
2026-03-28 11:02:05 - msg_id_0100 ==> 7E010000366600000000021480000000000000000000000000000000000000000000000000000000000000000000000000000000000000000000000000000000000000C77E
2026-03-28 11:14:02 - msg_id_0100 ==> 7E010000366600000000021580000000000000000000000000000000000000000000000000000000000000000000000000000000000000000000000000000000000000C67E
2026-03-28 11:26:00 - msg_id_0100 ==> 7E010000366600000000021680000000000000000000000000000000000000000000000000000000000000000000000000000000000000000000000000000000000000C57E
2026-03-28 11:37:57 - msg_id_0100 ==> 7E010000366600000000021780000000000000000000000000000000000000000000000000000000000000000000000000000000000000000000000000000000000000C47E
2026-03-28 11:49:55 - msg_id_0100 ==> 7E010000366600000000021880000000000000000000000000000000000000000000000000000000000000000000000000000000000000000000000000000000000000CB7E
2026-03-28 12:01:52 - msg_id_0100 ==> 7E010000366600000000021980000000000000000000000000000000000000000000000000000000000000000000000000000000000000000000000000000000000000CA7E
2026-03-28 12:13:50 - msg_id_0100 ==> 7E010000366600000000021A80000000000000000000000000000000000000000000000000000000000000000000000000000000000000000000000000000000000000C97E
2026-03-28 12:25:47 - msg_id_0100 ==> 7E010000366600000000021B80000000000000000000000000000000000000000000000000000000000000000000000000000000000000000000000000000000000000C87E
2026-03-28 12:37:46 - msg_id_0100 ==> 7E010000366600000000021C80000000000000000000000000000000000000000000000000000000000000000000000000000000000000000000000000000000000000CF7E
2026-03-28 12:38:27 - msg_id_0100 ==> 7E010000366600000000021C8F000000000000000000000000000000000000000000000000000000000000000000000000000000000000000000000000000000000000C07E
2026-03-28 12:49:48 - msg_id_0100 ==> 7E010000366600000000021D80000000000000000000000000000000000000000000000000000000000000000000000000000000000000000000000000000000000000CE7E
2026-03-28 13:01:45 - msg_id_0100 ==> 7E010000366600000000021E80000000000000000000000000000000000000000000000000000000000000000000000000000000000000000000000000000000000000CD7E
2026-03-28 13:13:43 - msg_id_0100 ==> 7E010000366600000000021F80000000000000000000000000000000000000000000000000000000000000000000000000000000000000000000000000000000000000CC7E
2026-03-28 13:25:41 - msg_id_0100 ==> 7E010000366600000000022080000000000000000000000000000000000000000000000000000000000000000000000000000000000000000000000000000000000000F37E
2026-03-28 13:37:38 - msg_id_0100 ==> 7E010000366600000000022180000000000000000000000000000000000000000000000000000000000000000000000000000000000000000000000000000000000000F27E
2026-03-28 13:49:36 - msg_id_0100 ==> 7E010000366600000000022280000000000000000000000000000000000000000000000000000000000000000000000000000000000000000000000000000000000000F17E
2026-03-28 14:01:34 - msg_id_0100 ==> 7E010000366600000000022380000000000000000000000000000000000000000000000000000000000000000000000000000000000000000000000000000000000000F07E
2026-03-28 14:13:33 - msg_id_0100 ==> 7E010000366600000000022480000000000000000000000000000000000000000000000000000000000000000000000000000000000000000000000000000000000000F77E
2026-03-28 14:25:30 - msg_id_0100 ==> 7E010000366600000000022580000000000000000000000000000000000000000000000000000000000000000000000000000000000000000000000000000000000000F67E
2026-03-28 14:37:28 - msg_id_0100 ==> 7E010000366600000000022680000000000000000000000000000000000000000000000000000000000000000000000000000000000000000000000000000000000000F57E
2026-03-28 14:49:25 - msg_id_0100 ==> 7E010000366600000000022780000000000000000000000000000000000000000000000000000000000000000000000000000000000000000000000000000000000000F47E
2026-03-28 15:01:23 - msg_id_0100 ==> 7E010000366600000000022880000000000000000000000000000000000000000000000000000000000000000000000000000000000000000000000000000000000000FB7E
2026-03-28 15:13:21 - msg_id_0100 ==> 7E010000366600000000022980000000000000000000000000000000000000000000000000000000000000000000000000000000000000000000000000000000000000FA7E
2026-03-28 15:25:18 - msg_id_0100 ==> 7E010000366600000000022A80000000000000000000000000000000000000000000000000000000000000000000000000000000000000000000000000000000000000F97E
2026-03-28 15:37:16 - msg_id_0100 ==> 7E010000366600000000022B80000000000000000000000000000000000000000000000000000000000000000000000000000000000000000000000000000000000000F87E
2026-03-28 15:49:14 - msg_id_0100 ==> 7E010000366600000000022C80000000000000000000000000000000000000000000000000000000000000000000000000000000000000000000000000000000000000FF7E
2026-03-28 16:01:11 - msg_id_0100 ==> 7E010000366600000000022D80000000000000000000000000000000000000000000000000000000000000000000000000000000000000000000000000000000000000FE7E
2026-03-28 16:13:10 - msg_id_0100 ==> 7E010000366600000000022E80000000000000000000000000000000000000000000000000000000000000000000000000000000000000000000000000000000000000FD7E
2026-03-28 16:25:07 - msg_id_0100 ==> 7E010000366600000000022F80000000000000000000000000000000000000000000000000000000000000000000000000000000000000000000000000000000000000FC7E
2026-03-28 16:37:05 - msg_id_0100 ==> 7E010000366600000000023080000000000000000000000000000000000000000000000000000000000000000000000000000000000000000000000000000000000000E37E
2026-03-28 16:49:02 - msg_id_0100 ==> 7E010000366600000000023180000000000000000000000000000000000000000000000000000000000000000000000000000000000000000000000000000000000000E27E
2026-03-28 17:01:00 - msg_id_0100 ==> 7E010000366600000000023280000000000000000000000000000000000000000000000000000000000000000000000000000000000000000000000000000000000000E17E
2026-03-28 17:12:57 - msg_id_0100 ==> 7E010000366600000000023380000000000000000000000000000000000000000000000000000000000000000000000000000000000000000000000000000000000000E07E
2026-03-28 17:24:55 - msg_id_0100 ==> 7E010000366600000000023480000000000000000000000000000000000000000000000000000000000000000000000000000000000000000000000000000000000000E77E
2026-03-28 17:36:53 - msg_id_0100 ==> 7E010000366600000000023580000000000000000000000000000000000000000000000000000000000000000000000000000000000000000000000000000000000000E67E
2026-03-28 17:48:51 - msg_id_0100 ==> 7E010000366600000000023680000000000000000000000000000000000000000000000000000000000000000000000000000000000000000000000000000000000000E57E
2026-03-28 18:00:48 - msg_id_0100 ==> 7E010000366600000000023780000000000000000000000000000000000000000000000000000000000000000000000000000000000000000000000000000000000000E47E
2026-03-28 18:12:46 - msg_id_0100 ==> 7E010000366600000000023880000000000000000000000000000000000000000000000000000000000000000000000000000000000000000000000000000000000000EB7E
2026-03-28 18:24:43 - msg_id_0100 ==> 7E010000366600000000023980000000000000000000000000000000000000000000000000000000000000000000000000000000000000000000000000000000000000EA7E
2026-03-28 18:36:41 - msg_id_0100 ==> 7E010000366600000000023A80000000000000000000000000000000000000000000000000000000000000000000000000000000000000000000000000000000000000E97E
2026-03-28 18:48:38 - msg_id_0100 ==> 7E010000366600000000023B80000000000000000000000000000000000000000000000000000000000000000000000000000000000000000000000000000000000000E87E
2026-03-28 19:00:36 - msg_id_0100 ==> 7E010000366600000000023C80000000000000000000000000000000000000000000000000000000000000000000000000000000000000000000000000000000000000EF7E
2026-03-28 19:12:34 - msg_id_0100 ==> 7E010000366600000000023D80000000000000000000000000000000000000000000000000000000000000000000000000000000000000000000000000000000000000EE7E
2026-03-28 19:24:31 - msg_id_0100 ==> 7E010000366600000000023E80000000000000000000000000000000000000000000000000000000000000000000000000000000000000000000000000000000000000ED7E
2026-03-28 19:36:29 - msg_id_0100 ==> 7E010000366600000000023F80000000000000000000000000000000000000000000000000000000000000000000000000000000000000000000000000000000000000EC7E
2026-03-28 19:48:27 - msg_id_0100 ==> 7E010000366600000000024080000000000000000000000000000000000000000000000000000000000000000000000000000000000000000000000000000000000000937E
2026-03-28 20:00:24 - msg_id_0100 ==> 7E010000366600000000024180000000000000000000000000000000000000000000000000000000000000000000000000000000000000000000000000000000000000927E
2026-03-28 20:12:22 - msg_id_0100 ==> 7E010000366600000000024280000000000000000000000000000000000000000000000000000000000000000000000000000000000000000000000000000000000000917E
2026-03-28 20:24:19 - msg_id_0100 ==> 7E010000366600000000024380000000000000000000000000000000000000000000000000000000000000000000000000000000000000000000000000000000000000907E
2026-03-28 20:36:17 - msg_id_0100 ==> 7E010000366600000000024480000000000000000000000000000000000000000000000000000000000000000000000000000000000000000000000000000000000000977E
2026-03-28 20:48:15 - msg_id_0100 ==> 7E010000366600000000024580000000000000000000000000000000000000000000000000000000000000000000000000000000000000000000000000000000000000967E
2026-03-28 21:00:12 - msg_id_0100 ==> 7E010000366600000000024680000000000000000000000000000000000000000000000000000000000000000000000000000000000000000000000000000000000000957E
2026-03-28 21:12:10 - msg_id_0100 ==> 7E010000366600000000024780000000000000000000000000000000000000000000000000000000000000000000000000000000000000000000000000000000000000947E
2026-03-28 21:24:07 - msg_id_0100 ==> 7E0100003666000000000248800000000000000000000000000000000000000000000000000000000000000000000000000000000000000000000000000000000000009B7E
2026-03-28 21:36:05 - msg_id_0100 ==> 7E0100003666000000000249800000000000000000000000000000000000000000000000000000000000000000000000000000000000000000000000000000000000009A7E
2026-03-28 21:48:02 - msg_id_0100 ==> 7E010000366600000000024A80000000000000000000000000000000000000000000000000000000000000000000000000000000000000000000000000000000000000997E
2026-03-28 22:00:00 - msg_id_0100 ==> 7E010000366600000000024B80000000000000000000000000000000000000000000000000000000000000000000000000000000000000000000000000000000000000987E
2026-03-28 22:11:58 - msg_id_0100 ==> 7E010000366600000000024C800000000000000000000000000000000000000000000000000000000000000000000000000000000000000000000000000000000000009F7E
2026-03-28 22:23:55 - msg_id_0100 ==> 7E010000366600000000024D800000000000000000000000000000000000000000000000000000000000000000000000000000000000000000000000000000000000009E7E
2026-03-28 22:35:53 - msg_id_0100 ==> 7E010000366600000000024E800000000000000000000000000000000000000000000000000000000000000000000000000000000000000000000000000000000000009D7E
2026-03-28 22:47:50 - msg_id_0100 ==> 7E010000366600000000024F800000000000000000000000000000000000000000000000000000000000000000000000000000000000000000000000000000000000009C7E
2026-03-28 22:59:48 - msg_id_0100 ==> 7E010000366600000000025080000000000000000000000000000000000000000000000000000000000000000000000000000000000000000000000000000000000000837E
2026-03-28 23:11:46 - msg_id_0100 ==> 7E010000366600000000025180000000000000000000000000000000000000000000000000000000000000000000000000000000000000000000000000000000000000827E
2026-03-28 23:23:43 - msg_id_0100 ==> 7E010000366600000000025280000000000000000000000000000000000000000000000000000000000000000000000000000000000000000000000000000000000000817E
2026-03-28 23:35:41 - msg_id_0100 ==> 7E010000366600000000025380000000000000000000000000000000000000000000000000000000000000000000000000000000000000000000000000000000000000807E
2026-03-28 23:47:38 - msg_id_0100 ==> 7E010000366600000000025480000000000000000000000000000000000000000000000000000000000000000000000000000000000000000000000000000000000000877E
2026-03-28 23:59:36 - msg_id_0100 ==> 7E010000366600000000025580000000000000000000000000000000000000000000000000000000000000000000000000000000000000000000000000000000000000867E
