2026-03-25 00:10:59 - msg_id_0100 ==> 7E01000036660000000002A380000000000000000000000000000000000000000000000000000000000000000000000000000000000000000000000000000000000000707E
2026-03-25 00:22:57 - msg_id_0100 ==> 7E01000036660000000002A480000000000000000000000000000000000000000000000000000000000000000000000000000000000000000000000000000000000000777E
2026-03-25 00:34:55 - msg_id_0100 ==> 7E01000036660000000002A580000000000000000000000000000000000000000000000000000000000000000000000000000000000000000000000000000000000000767E
2026-03-25 00:46:52 - msg_id_0100 ==> 7E01000036660000000002A680000000000000000000000000000000000000000000000000000000000000000000000000000000000000000000000000000000000000757E
2026-03-25 00:58:50 - msg_id_0100 ==> 7E01000036660000000002A780000000000000000000000000000000000000000000000000000000000000000000000000000000000000000000000000000000000000747E
2026-03-25 01:10:47 - msg_id_0100 ==> 7E01000036660000000002A8800000000000000000000000000000000000000000000000000000000000000000000000000000000000000000000000000000000000007B7E
2026-03-25 01:22:45 - msg_id_0100 ==> 7E01000036660000000002A9800000000000000000000000000000000000000000000000000000000000000000000000000000000000000000000000000000000000007A7E
2026-03-25 01:34:43 - msg_id_0100 ==> 7E01000036660000000002AA80000000000000000000000000000000000000000000000000000000000000000000000000000000000000000000000000000000000000797E
2026-03-25 01:46:40 - msg_id_0100 ==> 7E01000036660000000002AB80000000000000000000000000000000000000000000000000000000000000000000000000000000000000000000000000000000000000787E
2026-03-25 01:58:38 - msg_id_0100 ==> 7E01000036660000000002AC800000000000000000000000000000000000000000000000000000000000000000000000000000000000000000000000000000000000007F7E
2026-03-25 02:10:35 - msg_id_0100 ==> 7E01000036660000000002AD800000000000000000000000000000000000000000000000000000000000000000000000000000000000000000000000000000000000007D027E
2026-03-25 02:15:15 - msg_id_0100 ==> 7E01000036660000000002ADDF000000000000000000000000000000000000000000000000000000000000000000000000000000000000000000000000000000000000217E
2026-03-25 02:22:42 - msg_id_0100 ==> 7E01000036660000000002AE800000000000000000000000000000000000000000000000000000000000000000000000000000000000000000000000000000000000007D017E
2026-03-25 02:34:40 - msg_id_0100 ==> 7E01000036660000000002AF800000000000000000000000000000000000000000000000000000000000000000000000000000000000000000000000000000000000007C7E
2026-03-25 02:46:38 - msg_id_0100 ==> 7E01000036660000000002B080000000000000000000000000000000000000000000000000000000000000000000000000000000000000000000000000000000000000637E
2026-03-25 02:58:35 - msg_id_0100 ==> 7E01000036660000000002B180000000000000000000000000000000000000000000000000000000000000000000000000000000000000000000000000000000000000627E
2026-03-25 03:10:33 - msg_id_0100 ==> 7E01000036660000000002B280000000000000000000000000000000000000000000000000000000000000000000000000000000000000000000000000000000000000617E
2026-03-25 03:22:30 - msg_id_0100 ==> 7E01000036660000000002B380000000000000000000000000000000000000000000000000000000000000000000000000000000000000000000000000000000000000607E
2026-03-25 03:34:28 - msg_id_0100 ==> 7E01000036660000000002B480000000000000000000000000000000000000000000000000000000000000000000000000000000000000000000000000000000000000677E
2026-03-25 03:46:26 - msg_id_0100 ==> 7E01000036660000000002B580000000000000000000000000000000000000000000000000000000000000000000000000000000000000000000000000000000000000667E
2026-03-25 03:58:24 - msg_id_0100 ==> 7E01000036660000000002B680000000000000000000000000000000000000000000000000000000000000000000000000000000000000000000000000000000000000657E
2026-03-25 04:10:23 - msg_id_0100 ==> 7E01000036660000000002B780000000000000000000000000000000000000000000000000000000000000000000000000000000000000000000000000000000000000647E
2026-03-25 04:22:20 - msg_id_0100 ==> 7E01000036660000000002B8800000000000000000000000000000000000000000000000000000000000000000000000000000000000000000000000000000000000006B7E
2026-03-25 04:34:18 - msg_id_0100 ==> 7E01000036660000000002B9800000000000000000000000000000000000000000000000000000000000000000000000000000000000000000000000000000000000006A7E
2026-03-25 04:46:15 - msg_id_0100 ==> 7E01000036660000000002BA80000000000000000000000000000000000000000000000000000000000000000000000000000000000000000000000000000000000000697E
2026-03-25 04:58:13 - msg_id_0100 ==> 7E01000036660000000002BB80000000000000000000000000000000000000000000000000000000000000000000000000000000000000000000000000000000000000687E
2026-03-25 05:10:10 - msg_id_0100 ==> 7E01000036660000000002BC800000000000000000000000000000000000000000000000000000000000000000000000000000000000000000000000000000000000006F7E
2026-03-25 05:22:08 - msg_id_0100 ==> 7E01000036660000000002BD800000000000000000000000000000000000000000000000000000000000000000000000000000000000000000000000000000000000006E7E
2026-03-25 05:34:06 - msg_id_0100 ==> 7E01000036660000000002BE800000000000000000000000000000000000000000000000000000000000000000000000000000000000000000000000000000000000006D7E
2026-03-25 05:46:03 - msg_id_0100 ==> 7E01000036660000000002BF800000000000000000000000000000000000000000000000000000000000000000000000000000000000000000000000000000000000006C7E
2026-03-25 05:58:01 - msg_id_0100 ==> 7E01000036660000000002C080000000000000000000000000000000000000000000000000000000000000000000000000000000000000000000000000000000000000137E
2026-03-25 06:09:59 - msg_id_0100 ==> 7E01000036660000000002C180000000000000000000000000000000000000000000000000000000000000000000000000000000000000000000000000000000000000127E
2026-03-25 06:21:56 - msg_id_0100 ==> 7E01000036660000000002C280000000000000000000000000000000000000000000000000000000000000000000000000000000000000000000000000000000000000117E
2026-03-25 06:33:54 - msg_id_0100 ==> 7E01000036660000000002C380000000000000000000000000000000000000000000000000000000000000000000000000000000000000000000000000000000000000107E
2026-03-25 06:39:01 - msg_id_0100 ==> 7E01000036660000000002C3EE0000000000000000000000000000000000000000000000000000000000000000000000000000000000000000000000000000000000007D027E
2026-03-25 06:45:48 - msg_id_0100 ==> 7E01000036660000000002C480000000000000000000000000000000000000000000000000000000000000000000000000000000000000000000000000000000000000177E
2026-03-25 06:57:46 - msg_id_0100 ==> 7E01000036660000000002C580000000000000000000000000000000000000000000000000000000000000000000000000000000000000000000000000000000000000167E
2026-03-25 07:09:45 - msg_id_0100 ==> 7E01000036660000000002C680000000000000000000000000000000000000000000000000000000000000000000000000000000000000000000000000000000000000157E
2026-03-25 07:21:42 - msg_id_0100 ==> 7E01000036660000000002C780000000000000000000000000000000000000000000000000000000000000000000000000000000000000000000000000000000000000147E
2026-03-25 07:33:41 - msg_id_0100 ==> 7E01000036660000000002C8800000000000000000000000000000000000000000000000000000000000000000000000000000000000000000000000000000000000001B7E
2026-03-25 07:45:39 - msg_id_0100 ==> 7E01000036660000000002C9800000000000000000000000000000000000000000000000000000000000000000000000000000000000000000000000000000000000001A7E
2026-03-25 07:57:36 - msg_id_0100 ==> 7E01000036660000000002CA80000000000000000000000000000000000000000000000000000000000000000000000000000000000000000000000000000000000000197E
2026-03-25 08:09:34 - msg_id_0100 ==> 7E01000036660000000002CB80000000000000000000000000000000000000000000000000000000000000000000000000000000000000000000000000000000000000187E
2026-03-25 08:21:32 - msg_id_0100 ==> 7E01000036660000000002CC800000000000000000000000000000000000000000000000000000000000000000000000000000000000000000000000000000000000001F7E
2026-03-25 08:33:30 - msg_id_0100 ==> 7E01000036660000000002CD800000000000000000000000000000000000000000000000000000000000000000000000000000000000000000000000000000000000001E7E
2026-03-25 08:45:27 - msg_id_0100 ==> 7E01000036660000000002CE800000000000000000000000000000000000000000000000000000000000000000000000000000000000000000000000000000000000001D7E
2026-03-25 08:57:25 - msg_id_0100 ==> 7E01000036660000000002CF800000000000000000000000000000000000000000000000000000000000000000000000000000000000000000000000000000000000001C7E
2026-03-25 09:09:22 - msg_id_0100 ==> 7E01000036660000000002D080000000000000000000000000000000000000000000000000000000000000000000000000000000000000000000000000000000000000037E
2026-03-25 09:21:20 - msg_id_0100 ==> 7E01000036660000000002D180000000000000000000000000000000000000000000000000000000000000000000000000000000000000000000000000000000000000027E
2026-03-25 09:33:17 - msg_id_0100 ==> 7E01000036660000000002D280000000000000000000000000000000000000000000000000000000000000000000000000000000000000000000000000000000000000017E
2026-03-25 09:45:15 - msg_id_0100 ==> 7E01000036660000000002D381000000000000000000000000000000000000000000000000000000000000000000000000000000000000000000000000000000000000017E
2026-03-25 09:57:13 - msg_id_0100 ==> 7E01000036660000000002D480000000000000000000000000000000000000000000000000000000000000000000000000000000000000000000000000000000000000077E
2026-03-25 10:09:10 - msg_id_0100 ==> 7E01000036660000000002D580000000000000000000000000000000000000000000000000000000000000000000000000000000000000000000000000000000000000067E
2026-03-25 10:21:08 - msg_id_0100 ==> 7E01000036660000000002D680000000000000000000000000000000000000000000000000000000000000000000000000000000000000000000000000000000000000057E
2026-03-25 10:33:05 - msg_id_0100 ==> 7E01000036660000000002D780000000000000000000000000000000000000000000000000000000000000000000000000000000000000000000000000000000000000047E
2026-03-25 10:45:03 - msg_id_0100 ==> 7E01000036660000000002D8800000000000000000000000000000000000000000000000000000000000000000000000000000000000000000000000000000000000000B7E
2026-03-25 10:57:00 - msg_id_0100 ==> 7E01000036660000000002D9800000000000000000000000000000000000000000000000000000000000000000000000000000000000000000000000000000000000000A7E
2026-03-25 11:08:58 - msg_id_0100 ==> 7E01000036660000000002DA80000000000000000000000000000000000000000000000000000000000000000000000000000000000000000000000000000000000000097E
2026-03-25 11:20:55 - msg_id_0100 ==> 7E01000036660000000002DB80000000000000000000000000000000000000000000000000000000000000000000000000000000000000000000000000000000000000087E
2026-03-25 11:32:53 - msg_id_0100 ==> 7E01000036660000000002DC800000000000000000000000000000000000000000000000000000000000000000000000000000000000000000000000000000000000000F7E
2026-03-25 11:44:50 - msg_id_0100 ==> 7E01000036660000000002DD800000000000000000000000000000000000000000000000000000000000000000000000000000000000000000000000000000000000000E7E
2026-03-25 11:56:48 - msg_id_0100 ==> 7E01000036660000000002DE800000000000000000000000000000000000000000000000000000000000000000000000000000000000000000000000000000000000000D7E
2026-03-25 12:08:46 - msg_id_0100 ==> 7E01000036660000000002DF800000000000000000000000000000000000000000000000000000000000000000000000000000000000000000000000000000000000000C7E
2026-03-25 12:20:43 - msg_id_0100 ==> 7E01000036660000000002E080000000000000000000000000000000000000000000000000000000000000000000000000000000000000000000000000000000000000337E
2026-03-25 12:32:41 - msg_id_0100 ==> 7E01000036660000000002E180000000000000000000000000000000000000000000000000000000000000000000000000000000000000000000000000000000000000327E
2026-03-25 12:44:38 - msg_id_0100 ==> 7E01000036660000000002E280000000000000000000000000000000000000000000000000000000000000000000000000000000000000000000000000000000000000317E
2026-03-25 12:56:36 - msg_id_0100 ==> 7E01000036660000000002E380000000000000000000000000000000000000000000000000000000000000000000000000000000000000000000000000000000000000307E
2026-03-25 13:08:33 - msg_id_0100 ==> 7E01000036660000000002E480000000000000000000000000000000000000000000000000000000000000000000000000000000000000000000000000000000000000377E
2026-03-25 13:20:31 - msg_id_0100 ==> 7E01000036660000000002E580000000000000000000000000000000000000000000000000000000000000000000000000000000000000000000000000000000000000367E
2026-03-25 13:32:29 - msg_id_0100 ==> 7E01000036660000000002E680000000000000000000000000000000000000000000000000000000000000000000000000000000000000000000000000000000000000357E
2026-03-25 13:44:26 - msg_id_0100 ==> 7E01000036660000000002E780000000000000000000000000000000000000000000000000000000000000000000000000000000000000000000000000000000000000347E
2026-03-25 13:56:24 - msg_id_0100 ==> 7E01000036660000000002E8800000000000000000000000000000000000000000000000000000000000000000000000000000000000000000000000000000000000003B7E
2026-03-25 14:08:21 - msg_id_0100 ==> 7E01000036660000000002E9800000000000000000000000000000000000000000000000000000000000000000000000000000000000000000000000000000000000003A7E
2026-03-25 14:20:19 - msg_id_0100 ==> 7E01000036660000000002EA80000000000000000000000000000000000000000000000000000000000000000000000000000000000000000000000000000000000000397E
2026-03-25 14:32:16 - msg_id_0100 ==> 7E01000036660000000002EB80000000000000000000000000000000000000000000000000000000000000000000000000000000000000000000000000000000000000387E
2026-03-25 14:44:14 - msg_id_0100 ==> 7E01000036660000000002EC800000000000000000000000000000000000000000000000000000000000000000000000000000000000000000000000000000000000003F7E
2026-03-25 14:56:12 - msg_id_0100 ==> 7E01000036660000000002ED800000000000000000000000000000000000000000000000000000000000000000000000000000000000000000000000000000000000003E7E
2026-03-25 15:08:10 - msg_id_0100 ==> 7E01000036660000000002EE800000000000000000000000000000000000000000000000000000000000000000000000000000000000000000000000000000000000003D7E
2026-03-25 15:20:07 - msg_id_0100 ==> 7E01000036660000000002EF800000000000000000000000000000000000000000000000000000000000000000000000000000000000000000000000000000000000003C7E
2026-03-25 15:32:05 - msg_id_0100 ==> 7E01000036660000000002F080000000000000000000000000000000000000000000000000000000000000000000000000000000000000000000000000000000000000237E
2026-03-25 15:44:02 - msg_id_0100 ==> 7E01000036660000000002F180000000000000000000000000000000000000000000000000000000000000000000000000000000000000000000000000000000000000227E
2026-03-25 15:56:00 - msg_id_0100 ==> 7E01000036660000000002F280000000000000000000000000000000000000000000000000000000000000000000000000000000000000000000000000000000000000217E
2026-03-25 16:07:58 - msg_id_0100 ==> 7E01000036660000000002F380000000000000000000000000000000000000000000000000000000000000000000000000000000000000000000000000000000000000207E
2026-03-25 16:19:55 - msg_id_0100 ==> 7E01000036660000000002F480000000000000000000000000000000000000000000000000000000000000000000000000000000000000000000000000000000000000277E
2026-03-25 16:31:52 - msg_id_0100 ==> 7E01000036660000000002F580000000000000000000000000000000000000000000000000000000000000000000000000000000000000000000000000000000000000267E
2026-03-25 16:43:50 - msg_id_0100 ==> 7E01000036660000000002F680000000000000000000000000000000000000000000000000000000000000000000000000000000000000000000000000000000000000257E
2026-03-25 16:55:48 - msg_id_0100 ==> 7E01000036660000000002F780000000000000000000000000000000000000000000000000000000000000000000000000000000000000000000000000000000000000247E
2026-03-25 17:07:45 - msg_id_0100 ==> 7E01000036660000000002F8800000000000000000000000000000000000000000000000000000000000000000000000000000000000000000000000000000000000002B7E
2026-03-25 17:19:43 - msg_id_0100 ==> 7E01000036660000000002F9800000000000000000000000000000000000000000000000000000000000000000000000000000000000000000000000000000000000002A7E
2026-03-25 17:31:40 - msg_id_0100 ==> 7E01000036660000000002FA80000000000000000000000000000000000000000000000000000000000000000000000000000000000000000000000000000000000000297E
2026-03-25 17:43:38 - msg_id_0100 ==> 7E01000036660000000002FB80000000000000000000000000000000000000000000000000000000000000000000000000000000000000000000000000000000000000287E
2026-03-25 17:55:35 - msg_id_0100 ==> 7E01000036660000000002FC800000000000000000000000000000000000000000000000000000000000000000000000000000000000000000000000000000000000002F7E
2026-03-25 18:07:33 - msg_id_0100 ==> 7E01000036660000000002FD800000000000000000000000000000000000000000000000000000000000000000000000000000000000000000000000000000000000002E7E
2026-03-25 18:19:30 - msg_id_0100 ==> 7E01000036660000000002FE800000000000000000000000000000000000000000000000000000000000000000000000000000000000000000000000000000000000002D7E
2026-03-25 18:31:28 - msg_id_0100 ==> 7E01000036660000000002FF800000000000000000000000000000000000000000000000000000000000000000000000000000000000000000000000000000000000002C7E
2026-03-25 18:43:25 - msg_id_0100 ==> 7E010000366600000000020080000000000000000000000000000000000000000000000000000000000000000000000000000000000000000000000000000000000000D37E
2026-03-25 18:55:23 - msg_id_0100 ==> 7E010000366600000000020180000000000000000000000000000000000000000000000000000000000000000000000000000000000000000000000000000000000000D27E
2026-03-25 19:07:21 - msg_id_0100 ==> 7E010000366600000000020280000000000000000000000000000000000000000000000000000000000000000000000000000000000000000000000000000000000000D17E
2026-03-25 19:19:18 - msg_id_0100 ==> 7E010000366600000000020380000000000000000000000000000000000000000000000000000000000000000000000000000000000000000000000000000000000000D07E
2026-03-25 19:31:16 - msg_id_0100 ==> 7E010000366600000000020480000000000000000000000000000000000000000000000000000000000000000000000000000000000000000000000000000000000000D77E
2026-03-25 19:43:13 - msg_id_0100 ==> 7E010000366600000000020580000000000000000000000000000000000000000000000000000000000000000000000000000000000000000000000000000000000000D67E
2026-03-25 19:55:11 - msg_id_0100 ==> 7E010000366600000000020680000000000000000000000000000000000000000000000000000000000000000000000000000000000000000000000000000000000000D57E
2026-03-25 20:07:08 - msg_id_0100 ==> 7E010000366600000000020780000000000000000000000000000000000000000000000000000000000000000000000000000000000000000000000000000000000000D47E
2026-03-25 20:19:06 - msg_id_0100 ==> 7E010000366600000000020880000000000000000000000000000000000000000000000000000000000000000000000000000000000000000000000000000000000000DB7E
2026-03-25 20:31:03 - msg_id_0100 ==> 7E010000366600000000020980000000000000000000000000000000000000000000000000000000000000000000000000000000000000000000000000000000000000DA7E
2026-03-25 20:43:01 - msg_id_0100 ==> 7E010000366600000000020A80000000000000000000000000000000000000000000000000000000000000000000000000000000000000000000000000000000000000D97E
2026-03-25 20:54:59 - msg_id_0100 ==> 7E010000366600000000020B80000000000000000000000000000000000000000000000000000000000000000000000000000000000000000000000000000000000000D87E
2026-03-25 21:06:56 - msg_id_0100 ==> 7E010000366600000000020C80000000000000000000000000000000000000000000000000000000000000000000000000000000000000000000000000000000000000DF7E
2026-03-25 21:18:54 - msg_id_0100 ==> 7E010000366600000000020D80000000000000000000000000000000000000000000000000000000000000000000000000000000000000000000000000000000000000DE7E
2026-03-25 21:30:51 - msg_id_0100 ==> 7E010000366600000000020E80000000000000000000000000000000000000000000000000000000000000000000000000000000000000000000000000000000000000DD7E
2026-03-25 21:42:49 - msg_id_0100 ==> 7E010000366600000000020F80000000000000000000000000000000000000000000000000000000000000000000000000000000000000000000000000000000000000DC7E
2026-03-25 21:54:46 - msg_id_0100 ==> 7E010000366600000000021080000000000000000000000000000000000000000000000000000000000000000000000000000000000000000000000000000000000000C37E
2026-03-25 22:06:44 - msg_id_0100 ==> 7E010000366600000000021180000000000000000000000000000000000000000000000000000000000000000000000000000000000000000000000000000000000000C27E
2026-03-25 22:18:41 - msg_id_0100 ==> 7E010000366600000000021280000000000000000000000000000000000000000000000000000000000000000000000000000000000000000000000000000000000000C17E
2026-03-25 22:30:39 - msg_id_0100 ==> 7E010000366600000000021380000000000000000000000000000000000000000000000000000000000000000000000000000000000000000000000000000000000000C07E
2026-03-25 22:42:37 - msg_id_0100 ==> 7E010000366600000000021480000000000000000000000000000000000000000000000000000000000000000000000000000000000000000000000000000000000000C77E
2026-03-25 22:54:34 - msg_id_0100 ==> 7E010000366600000000021580000000000000000000000000000000000000000000000000000000000000000000000000000000000000000000000000000000000000C67E
2026-03-25 23:06:32 - msg_id_0100 ==> 7E010000366600000000021680000000000000000000000000000000000000000000000000000000000000000000000000000000000000000000000000000000000000C57E
2026-03-25 23:18:29 - msg_id_0100 ==> 7E010000366600000000021780000000000000000000000000000000000000000000000000000000000000000000000000000000000000000000000000000000000000C47E
2026-03-25 23:30:27 - msg_id_0100 ==> 7E010000366600000000021880000000000000000000000000000000000000000000000000000000000000000000000000000000000000000000000000000000000000CB7E
2026-03-25 23:42:24 - msg_id_0100 ==> 7E010000366600000000021980000000000000000000000000000000000000000000000000000000000000000000000000000000000000000000000000000000000000CA7E
2026-03-25 23:54:22 - msg_id_0100 ==> 7E010000366600000000021A80000000000000000000000000000000000000000000000000000000000000000000000000000000000000000000000000000000000000C97E
