2026-03-25 00:10:59 - msg_id_0102 ==> 7E01020006660000000002A381313233343536447E
2026-03-25 00:22:57 - msg_id_0102 ==> 7E01020006660000000002A481313233343536437E
2026-03-25 00:34:55 - msg_id_0102 ==> 7E01020006660000000002A581313233343536427E
2026-03-25 00:46:53 - msg_id_0102 ==> 7E01020006660000000002A681313233343536417E
2026-03-25 00:58:50 - msg_id_0102 ==> 7E01020006660000000002A781313233343536407E
2026-03-25 01:10:48 - msg_id_0102 ==> 7E01020006660000000002A8813132333435364F7E
2026-03-25 01:22:45 - msg_id_0102 ==> 7E01020006660000000002A9813132333435364E7E
2026-03-25 01:34:43 - msg_id_0102 ==> 7E01020006660000000002AA813132333435364D7E
2026-03-25 01:46:40 - msg_id_0102 ==> 7E01020006660000000002AB813132333435364C7E
2026-03-25 01:58:38 - msg_id_0102 ==> 7E01020006660000000002AC813132333435364B7E
2026-03-25 02:10:35 - msg_id_0102 ==> 7E01020006660000000002AD813132333435364A7E
2026-03-25 02:15:15 - msg_id_0102 ==> 7E01020006660000000002ADE03132333435362B7E
2026-03-25 02:22:42 - msg_id_0102 ==> 7E01020006660000000002AE81313233343536497E
2026-03-25 02:34:40 - msg_id_0102 ==> 7E01020006660000000002AF81313233343536487E
2026-03-25 02:46:38 - msg_id_0102 ==> 7E01020006660000000002B081313233343536577E
2026-03-25 02:58:35 - msg_id_0102 ==> 7E01020006660000000002B181313233343536567E
2026-03-25 03:10:33 - msg_id_0102 ==> 7E01020006660000000002B281313233343536557E
2026-03-25 03:22:30 - msg_id_0102 ==> 7E01020006660000000002B381313233343536547E
2026-03-25 03:34:28 - msg_id_0102 ==> 7E01020006660000000002B481313233343536537E
2026-03-25 03:46:26 - msg_id_0102 ==> 7E01020006660000000002B581313233343536527E
2026-03-25 03:58:25 - msg_id_0102 ==> 7E01020006660000000002B681313233343536517E
2026-03-25 04:10:23 - msg_id_0102 ==> 7E01020006660000000002B781313233343536507E
2026-03-25 04:22:20 - msg_id_0102 ==> 7E01020006660000000002B8813132333435365F7E
2026-03-25 04:34:18 - msg_id_0102 ==> 7E01020006660000000002B9813132333435365E7E
2026-03-25 04:46:15 - msg_id_0102 ==> 7E01020006660000000002BA813132333435365D7E
2026-03-25 04:58:13 - msg_id_0102 ==> 7E01020006660000000002BB813132333435365C7E
2026-03-25 05:10:11 - msg_id_0102 ==> 7E01020006660000000002BC813132333435365B7E
2026-03-25 05:22:08 - msg_id_0102 ==> 7E01020006660000000002BD813132333435365A7E
2026-03-25 05:34:06 - msg_id_0102 ==> 7E01020006660000000002BE81313233343536597E
2026-03-25 05:46:03 - msg_id_0102 ==> 7E01020006660000000002BF81313233343536587E
2026-03-25 05:58:01 - msg_id_0102 ==> 7E01020006660000000002C081313233343536277E
2026-03-25 06:09:59 - msg_id_0102 ==> 7E01020006660000000002C181313233343536267E
2026-03-25 06:21:56 - msg_id_0102 ==> 7E01020006660000000002C281313233343536257E
2026-03-25 06:33:54 - msg_id_0102 ==> 7E01020006660000000002C381313233343536247E
2026-03-25 06:39:01 - msg_id_0102 ==> 7E01020006660000000002C3EF3132333435364A7E
2026-03-25 06:45:49 - msg_id_0102 ==> 7E01020006660000000002C481313233343536237E
2026-03-25 06:57:47 - msg_id_0102 ==> 7E01020006660000000002C581313233343536227E
2026-03-25 07:09:45 - msg_id_0102 ==> 7E01020006660000000002C681313233343536217E
2026-03-25 07:21:42 - msg_id_0102 ==> 7E01020006660000000002C781313233343536207E
2026-03-25 07:33:41 - msg_id_0102 ==> 7E01020006660000000002C8813132333435362F7E
2026-03-25 07:45:39 - msg_id_0102 ==> 7E01020006660000000002C9813132333435362E7E
2026-03-25 07:57:36 - msg_id_0102 ==> 7E01020006660000000002CA813132333435362D7E
2026-03-25 08:09:34 - msg_id_0102 ==> 7E01020006660000000002CB813132333435362C7E
2026-03-25 08:21:32 - msg_id_0102 ==> 7E01020006660000000002CC813132333435362B7E
2026-03-25 08:33:30 - msg_id_0102 ==> 7E01020006660000000002CD813132333435362A7E
2026-03-25 08:45:27 - msg_id_0102 ==> 7E01020006660000000002CE81313233343536297E
2026-03-25 08:57:25 - msg_id_0102 ==> 7E01020006660000000002CF81313233343536287E
2026-03-25 09:09:22 - msg_id_0102 ==> 7E01020006660000000002D081313233343536377E
2026-03-25 09:21:20 - msg_id_0102 ==> 7E01020006660000000002D181313233343536367E
2026-03-25 09:33:17 - msg_id_0102 ==> 7E01020006660000000002D281313233343536357E
2026-03-25 09:45:15 - msg_id_0102 ==> 7E01020006660000000002D382313233343536377E
2026-03-25 09:57:13 - msg_id_0102 ==> 7E01020006660000000002D481313233343536337E
2026-03-25 10:09:10 - msg_id_0102 ==> 7E01020006660000000002D581313233343536327E
2026-03-25 10:21:08 - msg_id_0102 ==> 7E01020006660000000002D681313233343536317E
2026-03-25 10:33:05 - msg_id_0102 ==> 7E01020006660000000002D781313233343536307E
2026-03-25 10:45:03 - msg_id_0102 ==> 7E01020006660000000002D8813132333435363F7E
2026-03-25 10:57:00 - msg_id_0102 ==> 7E01020006660000000002D9813132333435363E7E
2026-03-25 11:08:58 - msg_id_0102 ==> 7E01020006660000000002DA813132333435363D7E
2026-03-25 11:20:55 - msg_id_0102 ==> 7E01020006660000000002DB813132333435363C7E
2026-03-25 11:32:53 - msg_id_0102 ==> 7E01020006660000000002DC813132333435363B7E
2026-03-25 11:44:51 - msg_id_0102 ==> 7E01020006660000000002DD813132333435363A7E
2026-03-25 11:56:48 - msg_id_0102 ==> 7E01020006660000000002DE81313233343536397E
2026-03-25 12:08:46 - msg_id_0102 ==> 7E01020006660000000002DF81313233343536387E
2026-03-25 12:20:43 - msg_id_0102 ==> 7E01020006660000000002E081313233343536077E
2026-03-25 12:32:41 - msg_id_0102 ==> 7E01020006660000000002E181313233343536067E
2026-03-25 12:44:38 - msg_id_0102 ==> 7E01020006660000000002E281313233343536057E
2026-03-25 12:56:36 - msg_id_0102 ==> 7E01020006660000000002E381313233343536047E
2026-03-25 13:08:33 - msg_id_0102 ==> 7E01020006660000000002E481313233343536037E
2026-03-25 13:20:31 - msg_id_0102 ==> 7E01020006660000000002E581313233343536027E
2026-03-25 13:32:29 - msg_id_0102 ==> 7E01020006660000000002E681313233343536017E
2026-03-25 13:44:26 - msg_id_0102 ==> 7E01020006660000000002E781313233343536007E
2026-03-25 13:56:24 - msg_id_0102 ==> 7E01020006660000000002E8813132333435360F7E
2026-03-25 14:08:21 - msg_id_0102 ==> 7E01020006660000000002E9813132333435360E7E
2026-03-25 14:20:19 - msg_id_0102 ==> 7E01020006660000000002EA813132333435360D7E
2026-03-25 14:32:16 - msg_id_0102 ==> 7E01020006660000000002EB813132333435360C7E
2026-03-25 14:44:15 - msg_id_0102 ==> 7E01020006660000000002EC813132333435360B7E
2026-03-25 14:56:12 - msg_id_0102 ==> 7E01020006660000000002ED813132333435360A7E
2026-03-25 15:08:10 - msg_id_0102 ==> 7E01020006660000000002EE81313233343536097E
2026-03-25 15:20:07 - msg_id_0102 ==> 7E01020006660000000002EF81313233343536087E
2026-03-25 15:32:05 - msg_id_0102 ==> 7E01020006660000000002F081313233343536177E
2026-03-25 15:44:03 - msg_id_0102 ==> 7E01020006660000000002F181313233343536167E
2026-03-25 15:56:00 - msg_id_0102 ==> 7E01020006660000000002F281313233343536157E
2026-03-25 16:07:58 - msg_id_0102 ==> 7E01020006660000000002F381313233343536147E
2026-03-25 16:19:55 - msg_id_0102 ==> 7E01020006660000000002F481313233343536137E
2026-03-25 16:31:53 - msg_id_0102 ==> 7E01020006660000000002F581313233343536127E
2026-03-25 16:43:50 - msg_id_0102 ==> 7E01020006660000000002F681313233343536117E
2026-03-25 16:55:48 - msg_id_0102 ==> 7E01020006660000000002F781313233343536107E
2026-03-25 17:07:45 - msg_id_0102 ==> 7E01020006660000000002F8813132333435361F7E
2026-03-25 17:19:43 - msg_id_0102 ==> 7E01020006660000000002F9813132333435361E7E
2026-03-25 17:31:40 - msg_id_0102 ==> 7E01020006660000000002FA813132333435361D7E
2026-03-25 17:43:38 - msg_id_0102 ==> 7E01020006660000000002FB813132333435361C7E
2026-03-25 17:55:35 - msg_id_0102 ==> 7E01020006660000000002FC813132333435361B7E
2026-03-25 18:07:33 - msg_id_0102 ==> 7E01020006660000000002FD813132333435361A7E
2026-03-25 18:19:30 - msg_id_0102 ==> 7E01020006660000000002FE81313233343536197E
2026-03-25 18:31:28 - msg_id_0102 ==> 7E01020006660000000002FF81313233343536187E
2026-03-25 18:43:26 - msg_id_0102 ==> 7E010200066600000000020081313233343536E77E
2026-03-25 18:55:23 - msg_id_0102 ==> 7E010200066600000000020181313233343536E67E
2026-03-25 19:07:21 - msg_id_0102 ==> 7E010200066600000000020281313233343536E57E
2026-03-25 19:19:18 - msg_id_0102 ==> 7E010200066600000000020381313233343536E47E
2026-03-25 19:31:16 - msg_id_0102 ==> 7E010200066600000000020481313233343536E37E
2026-03-25 19:43:13 - msg_id_0102 ==> 7E010200066600000000020581313233343536E27E
2026-03-25 19:55:11 - msg_id_0102 ==> 7E010200066600000000020681313233343536E17E
2026-03-25 20:07:09 - msg_id_0102 ==> 7E010200066600000000020781313233343536E07E
2026-03-25 20:19:06 - msg_id_0102 ==> 7E010200066600000000020881313233343536EF7E
2026-03-25 20:31:04 - msg_id_0102 ==> 7E010200066600000000020981313233343536EE7E
2026-03-25 20:43:01 - msg_id_0102 ==> 7E010200066600000000020A81313233343536ED7E
2026-03-25 20:54:59 - msg_id_0102 ==> 7E010200066600000000020B81313233343536EC7E
2026-03-25 21:06:56 - msg_id_0102 ==> 7E010200066600000000020C81313233343536EB7E
2026-03-25 21:18:54 - msg_id_0102 ==> 7E010200066600000000020D81313233343536EA7E
2026-03-25 21:30:51 - msg_id_0102 ==> 7E010200066600000000020E81313233343536E97E
2026-03-25 21:42:49 - msg_id_0102 ==> 7E010200066600000000020F81313233343536E87E
2026-03-25 21:54:46 - msg_id_0102 ==> 7E010200066600000000021081313233343536F77E
2026-03-25 22:06:44 - msg_id_0102 ==> 7E010200066600000000021181313233343536F67E
2026-03-25 22:18:42 - msg_id_0102 ==> 7E010200066600000000021281313233343536F57E
2026-03-25 22:30:39 - msg_id_0102 ==> 7E010200066600000000021381313233343536F47E
2026-03-25 22:42:37 - msg_id_0102 ==> 7E010200066600000000021481313233343536F37E
2026-03-25 22:54:34 - msg_id_0102 ==> 7E010200066600000000021581313233343536F27E
2026-03-25 23:06:32 - msg_id_0102 ==> 7E010200066600000000021681313233343536F17E
2026-03-25 23:18:29 - msg_id_0102 ==> 7E010200066600000000021781313233343536F07E
2026-03-25 23:30:27 - msg_id_0102 ==> 7E010200066600000000021881313233343536FF7E
2026-03-25 23:42:25 - msg_id_0102 ==> 7E010200066600000000021981313233343536FE7E
2026-03-25 23:54:22 - msg_id_0102 ==> 7E010200066600000000021A81313233343536FD7E
