2026-03-29 00:11:34 - msg_id_0102 ==> 7E010200066600000000025681313233343536B17E
2026-03-29 00:23:31 - msg_id_0102 ==> 7E010200066600000000025781313233343536B07E
2026-03-29 00:35:29 - msg_id_0102 ==> 7E010200066600000000025881313233343536BF7E
2026-03-29 00:47:26 - msg_id_0102 ==> 7E010200066600000000025981313233343536BE7E
2026-03-29 00:59:24 - msg_id_0102 ==> 7E010200066600000000025A81313233343536BD7E
2026-03-29 01:11:21 - msg_id_0102 ==> 7E010200066600000000025B81313233343536BC7E
2026-03-29 01:23:19 - msg_id_0102 ==> 7E010200066600000000025C81313233343536BB7E
2026-03-29 01:35:16 - msg_id_0102 ==> 7E010200066600000000025D81313233343536BA7E
2026-03-29 01:47:14 - msg_id_0102 ==> 7E010200066600000000025E81313233343536B97E
2026-03-29 01:59:11 - msg_id_0102 ==> 7E010200066600000000025F81313233343536B87E
2026-03-29 02:11:09 - msg_id_0102 ==> 7E010200066600000000026081313233343536877E
2026-03-29 02:23:07 - msg_id_0102 ==> 7E010200066600000000026181313233343536867E
2026-03-29 02:35:04 - msg_id_0102 ==> 7E010200066600000000026281313233343536857E
2026-03-29 02:47:02 - msg_id_0102 ==> 7E010200066600000000026381313233343536847E
2026-03-29 02:58:59 - msg_id_0102 ==> 7E010200066600000000026481313233343536837E
2026-03-29 03:10:57 - msg_id_0102 ==> 7E010200066600000000026581313233343536827E
2026-03-29 03:22:55 - msg_id_0102 ==> 7E010200066600000000026681313233343536817E
2026-03-29 03:34:52 - msg_id_0102 ==> 7E010200066600000000026781313233343536807E
2026-03-29 03:46:50 - msg_id_0102 ==> 7E0102000666000000000268813132333435368F7E
2026-03-29 03:58:47 - msg_id_0102 ==> 7E0102000666000000000269813132333435368E7E
2026-03-29 04:10:45 - msg_id_0102 ==> 7E010200066600000000026A813132333435368D7E
2026-03-29 04:22:42 - msg_id_0102 ==> 7E010200066600000000026B813132333435368C7E
2026-03-29 04:34:40 - msg_id_0102 ==> 7E010200066600000000026C813132333435368B7E
2026-03-29 04:46:37 - msg_id_0102 ==> 7E010200066600000000026D813132333435368A7E
2026-03-29 04:58:35 - msg_id_0102 ==> 7E010200066600000000026E81313233343536897E
2026-03-29 05:10:33 - msg_id_0102 ==> 7E010200066600000000026F81313233343536887E
2026-03-29 05:22:30 - msg_id_0102 ==> 7E010200066600000000027081313233343536977E
2026-03-29 05:34:28 - msg_id_0102 ==> 7E010200066600000000027181313233343536967E
2026-03-29 05:46:25 - msg_id_0102 ==> 7E010200066600000000027281313233343536957E
2026-03-29 05:58:23 - msg_id_0102 ==> 7E010200066600000000027381313233343536947E
2026-03-29 06:10:21 - msg_id_0102 ==> 7E010200066600000000027481313233343536937E
2026-03-29 06:22:18 - msg_id_0102 ==> 7E010200066600000000027581313233343536927E
2026-03-29 06:34:16 - msg_id_0102 ==> 7E010200066600000000027681313233343536917E
2026-03-29 06:46:13 - msg_id_0102 ==> 7E010200066600000000027781313233343536907E
2026-03-29 06:58:11 - msg_id_0102 ==> 7E0102000666000000000278813132333435369F7E
2026-03-29 07:10:08 - msg_id_0102 ==> 7E0102000666000000000279813132333435369E7E
2026-03-29 07:22:06 - msg_id_0102 ==> 7E010200066600000000027A813132333435369D7E
2026-03-29 07:34:03 - msg_id_0102 ==> 7E010200066600000000027B813132333435369C7E
2026-03-29 07:46:01 - msg_id_0102 ==> 7E010200066600000000027C813132333435369B7E
2026-03-29 07:57:59 - msg_id_0102 ==> 7E010200066600000000027D01813132333435369A7E
2026-03-29 08:09:56 - msg_id_0102 ==> 7E010200066600000000027D0281313233343536997E
2026-03-29 08:21:54 - msg_id_0102 ==> 7E010200066600000000027F81313233343536987E
2026-03-29 08:33:51 - msg_id_0102 ==> 7E010200066600000000028081313233343536677E
2026-03-29 08:45:49 - msg_id_0102 ==> 7E010200066600000000028181313233343536667E
2026-03-29 08:57:46 - msg_id_0102 ==> 7E010200066600000000028281313233343536657E
2026-03-29 09:09:44 - msg_id_0102 ==> 7E010200066600000000028381313233343536647E
2026-03-29 09:21:42 - msg_id_0102 ==> 7E010200066600000000028481313233343536637E
2026-03-29 09:33:39 - msg_id_0102 ==> 7E010200066600000000028581313233343536627E
2026-03-29 09:45:37 - msg_id_0102 ==> 7E010200066600000000028681313233343536617E
2026-03-29 09:57:34 - msg_id_0102 ==> 7E010200066600000000028781313233343536607E
2026-03-29 10:09:32 - msg_id_0102 ==> 7E0102000666000000000288813132333435366F7E
2026-03-29 10:21:29 - msg_id_0102 ==> 7E0102000666000000000289813132333435366E7E
2026-03-29 10:33:27 - msg_id_0102 ==> 7E010200066600000000028A813132333435366D7E
2026-03-29 10:45:25 - msg_id_0102 ==> 7E010200066600000000028B813132333435366C7E
2026-03-29 10:57:22 - msg_id_0102 ==> 7E010200066600000000028C813132333435366B7E
2026-03-29 11:09:20 - msg_id_0102 ==> 7E010200066600000000028D813132333435366A7E
2026-03-29 11:21:17 - msg_id_0102 ==> 7E010200066600000000028E81313233343536697E
2026-03-29 11:33:15 - msg_id_0102 ==> 7E010200066600000000028F81313233343536687E
2026-03-29 11:45:13 - msg_id_0102 ==> 7E010200066600000000029081313233343536777E
2026-03-29 11:57:10 - msg_id_0102 ==> 7E010200066600000000029181313233343536767E
2026-03-29 12:09:08 - msg_id_0102 ==> 7E010200066600000000029281313233343536757E
2026-03-29 12:21:05 - msg_id_0102 ==> 7E010200066600000000029381313233343536747E
2026-03-29 12:33:03 - msg_id_0102 ==> 7E010200066600000000029481313233343536737E
2026-03-29 12:45:00 - msg_id_0102 ==> 7E010200066600000000029581313233343536727E
2026-03-29 12:56:58 - msg_id_0102 ==> 7E010200066600000000029681313233343536717E
2026-03-29 13:08:56 - msg_id_0102 ==> 7E010200066600000000029781313233343536707E
2026-03-29 13:20:53 - msg_id_0102 ==> 7E0102000666000000000298813132333435367F7E
2026-03-29 13:32:51 - msg_id_0102 ==> 7E0102000666000000000299813132333435367D027E
2026-03-29 13:44:48 - msg_id_0102 ==> 7E010200066600000000029A813132333435367D017E
2026-03-29 13:56:46 - msg_id_0102 ==> 7E010200066600000000029B813132333435367C7E
2026-03-29 14:08:44 - msg_id_0102 ==> 7E010200066600000000029C813132333435367B7E
2026-03-29 14:20:41 - msg_id_0102 ==> 7E010200066600000000029D813132333435367A7E
2026-03-29 14:32:39 - msg_id_0102 ==> 7E010200066600000000029E81313233343536797E
2026-03-29 14:44:37 - msg_id_0102 ==> 7E010200066600000000029F81313233343536787E
2026-03-29 14:56:34 - msg_id_0102 ==> 7E01020006660000000002A081313233343536477E
2026-03-29 15:08:32 - msg_id_0102 ==> 7E01020006660000000002A181313233343536467E
2026-03-29 15:20:30 - msg_id_0102 ==> 7E01020006660000000002A281313233343536457E
2026-03-29 15:32:27 - msg_id_0102 ==> 7E01020006660000000002A381313233343536447E
2026-03-29 15:44:25 - msg_id_0102 ==> 7E01020006660000000002A481313233343536437E
2026-03-29 15:56:22 - msg_id_0102 ==> 7E01020006660000000002A581313233343536427E
2026-03-29 16:08:20 - msg_id_0102 ==> 7E01020006660000000002A681313233343536417E
2026-03-29 16:20:17 - msg_id_0102 ==> 7E01020006660000000002A781313233343536407E
2026-03-29 16:32:15 - msg_id_0102 ==> 7E01020006660000000002A8813132333435364F7E
2026-03-29 16:44:13 - msg_id_0102 ==> 7E01020006660000000002A9813132333435364E7E
2026-03-29 16:56:10 - msg_id_0102 ==> 7E01020006660000000002AA813132333435364D7E
2026-03-29 17:08:08 - msg_id_0102 ==> 7E01020006660000000002AB813132333435364C7E
2026-03-29 17:20:06 - msg_id_0102 ==> 7E01020006660000000002AC813132333435364B7E
2026-03-29 17:32:03 - msg_id_0102 ==> 7E01020006660000000002AD813132333435364A7E
2026-03-29 17:44:01 - msg_id_0102 ==> 7E01020006660000000002AE81313233343536497E
2026-03-29 17:55:58 - msg_id_0102 ==> 7E01020006660000000002AF81313233343536487E
2026-03-29 18:07:56 - msg_id_0102 ==> 7E01020006660000000002B081313233343536577E
2026-03-29 18:19:53 - msg_id_0102 ==> 7E01020006660000000002B181313233343536567E
2026-03-29 18:31:51 - msg_id_0102 ==> 7E01020006660000000002B281313233343536557E
2026-03-29 18:43:49 - msg_id_0102 ==> 7E01020006660000000002B381313233343536547E
2026-03-29 18:55:46 - msg_id_0102 ==> 7E01020006660000000002B481313233343536537E
2026-03-29 19:07:44 - msg_id_0102 ==> 7E01020006660000000002B581313233343536527E
2026-03-29 19:19:41 - msg_id_0102 ==> 7E01020006660000000002B681313233343536517E
2026-03-29 19:31:39 - msg_id_0102 ==> 7E01020006660000000002B781313233343536507E
2026-03-29 19:43:36 - msg_id_0102 ==> 7E01020006660000000002B8813132333435365F7E
2026-03-29 19:55:34 - msg_id_0102 ==> 7E01020006660000000002B9813132333435365E7E
2026-03-29 20:07:32 - msg_id_0102 ==> 7E01020006660000000002BA813132333435365D7E
2026-03-29 20:19:29 - msg_id_0102 ==> 7E01020006660000000002BB813132333435365C7E
2026-03-29 20:31:27 - msg_id_0102 ==> 7E01020006660000000002BC813132333435365B7E
2026-03-29 20:43:24 - msg_id_0102 ==> 7E01020006660000000002BD813132333435365A7E
2026-03-29 20:55:22 - msg_id_0102 ==> 7E01020006660000000002BE81313233343536597E
2026-03-29 21:07:20 - msg_id_0102 ==> 7E01020006660000000002BF81313233343536587E
2026-03-29 21:19:17 - msg_id_0102 ==> 7E01020006660000000002C081313233343536277E
2026-03-29 21:31:15 - msg_id_0102 ==> 7E01020006660000000002C181313233343536267E
2026-03-29 21:43:13 - msg_id_0102 ==> 7E01020006660000000002C281313233343536257E
2026-03-29 21:55:10 - msg_id_0102 ==> 7E01020006660000000002C381313233343536247E
2026-03-29 22:07:08 - msg_id_0102 ==> 7E01020006660000000002C481313233343536237E
2026-03-29 22:19:05 - msg_id_0102 ==> 7E01020006660000000002C581313233343536227E
2026-03-29 22:31:03 - msg_id_0102 ==> 7E01020006660000000002C681313233343536217E
2026-03-29 22:43:01 - msg_id_0102 ==> 7E01020006660000000002C781313233343536207E
2026-03-29 22:54:58 - msg_id_0102 ==> 7E01020006660000000002C8813132333435362F7E
2026-03-29 23:06:56 - msg_id_0102 ==> 7E01020006660000000002C9813132333435362E7E
2026-03-29 23:18:53 - msg_id_0102 ==> 7E01020006660000000002CA813132333435362D7E
2026-03-29 23:30:51 - msg_id_0102 ==> 7E01020006660000000002CB813132333435362C7E
2026-03-29 23:42:49 - msg_id_0102 ==> 7E01020006660000000002CC813132333435362B7E
2026-03-29 23:54:46 - msg_id_0102 ==> 7E01020006660000000002CD813132333435362A7E
