2026-03-29 00:11:33 - msg_id_0100 ==> 7E010000366600000000025680000000000000000000000000000000000000000000000000000000000000000000000000000000000000000000000000000000000000857E
2026-03-29 00:23:31 - msg_id_0100 ==> 7E010000366600000000025780000000000000000000000000000000000000000000000000000000000000000000000000000000000000000000000000000000000000847E
2026-03-29 00:35:29 - msg_id_0100 ==> 7E0100003666000000000258800000000000000000000000000000000000000000000000000000000000000000000000000000000000000000000000000000000000008B7E
2026-03-29 00:47:26 - msg_id_0100 ==> 7E0100003666000000000259800000000000000000000000000000000000000000000000000000000000000000000000000000000000000000000000000000000000008A7E
2026-03-29 00:59:24 - msg_id_0100 ==> 7E010000366600000000025A80000000000000000000000000000000000000000000000000000000000000000000000000000000000000000000000000000000000000897E
2026-03-29 01:11:21 - msg_id_0100 ==> 7E010000366600000000025B80000000000000000000000000000000000000000000000000000000000000000000000000000000000000000000000000000000000000887E
2026-03-29 01:23:19 - msg_id_0100 ==> 7E010000366600000000025C800000000000000000000000000000000000000000000000000000000000000000000000000000000000000000000000000000000000008F7E
2026-03-29 01:35:16 - msg_id_0100 ==> 7E010000366600000000025D800000000000000000000000000000000000000000000000000000000000000000000000000000000000000000000000000000000000008E7E
2026-03-29 01:47:14 - msg_id_0100 ==> 7E010000366600000000025E800000000000000000000000000000000000000000000000000000000000000000000000000000000000000000000000000000000000008D7E
2026-03-29 01:59:11 - msg_id_0100 ==> 7E010000366600000000025F800000000000000000000000000000000000000000000000000000000000000000000000000000000000000000000000000000000000008C7E
2026-03-29 02:11:09 - msg_id_0100 ==> 7E010000366600000000026080000000000000000000000000000000000000000000000000000000000000000000000000000000000000000000000000000000000000B37E
2026-03-29 02:23:07 - msg_id_0100 ==> 7E010000366600000000026180000000000000000000000000000000000000000000000000000000000000000000000000000000000000000000000000000000000000B27E
2026-03-29 02:35:04 - msg_id_0100 ==> 7E010000366600000000026280000000000000000000000000000000000000000000000000000000000000000000000000000000000000000000000000000000000000B17E
2026-03-29 02:47:02 - msg_id_0100 ==> 7E010000366600000000026380000000000000000000000000000000000000000000000000000000000000000000000000000000000000000000000000000000000000B07E
2026-03-29 02:58:59 - msg_id_0100 ==> 7E010000366600000000026480000000000000000000000000000000000000000000000000000000000000000000000000000000000000000000000000000000000000B77E
2026-03-29 03:10:57 - msg_id_0100 ==> 7E010000366600000000026580000000000000000000000000000000000000000000000000000000000000000000000000000000000000000000000000000000000000B67E
2026-03-29 03:22:54 - msg_id_0100 ==> 7E010000366600000000026680000000000000000000000000000000000000000000000000000000000000000000000000000000000000000000000000000000000000B57E
2026-03-29 03:34:52 - msg_id_0100 ==> 7E010000366600000000026780000000000000000000000000000000000000000000000000000000000000000000000000000000000000000000000000000000000000B47E
2026-03-29 03:46:50 - msg_id_0100 ==> 7E010000366600000000026880000000000000000000000000000000000000000000000000000000000000000000000000000000000000000000000000000000000000BB7E
2026-03-29 03:58:47 - msg_id_0100 ==> 7E010000366600000000026980000000000000000000000000000000000000000000000000000000000000000000000000000000000000000000000000000000000000BA7E
2026-03-29 04:10:45 - msg_id_0100 ==> 7E010000366600000000026A80000000000000000000000000000000000000000000000000000000000000000000000000000000000000000000000000000000000000B97E
2026-03-29 04:22:42 - msg_id_0100 ==> 7E010000366600000000026B80000000000000000000000000000000000000000000000000000000000000000000000000000000000000000000000000000000000000B87E
2026-03-29 04:34:40 - msg_id_0100 ==> 7E010000366600000000026C80000000000000000000000000000000000000000000000000000000000000000000000000000000000000000000000000000000000000BF7E
2026-03-29 04:46:37 - msg_id_0100 ==> 7E010000366600000000026D80000000000000000000000000000000000000000000000000000000000000000000000000000000000000000000000000000000000000BE7E
2026-03-29 04:58:35 - msg_id_0100 ==> 7E010000366600000000026E80000000000000000000000000000000000000000000000000000000000000000000000000000000000000000000000000000000000000BD7E
2026-03-29 05:10:33 - msg_id_0100 ==> 7E010000366600000000026F80000000000000000000000000000000000000000000000000000000000000000000000000000000000000000000000000000000000000BC7E
2026-03-29 05:22:30 - msg_id_0100 ==> 7E010000366600000000027080000000000000000000000000000000000000000000000000000000000000000000000000000000000000000000000000000000000000A37E
2026-03-29 05:34:28 - msg_id_0100 ==> 7E010000366600000000027180000000000000000000000000000000000000000000000000000000000000000000000000000000000000000000000000000000000000A27E
2026-03-29 05:46:25 - msg_id_0100 ==> 7E010000366600000000027280000000000000000000000000000000000000000000000000000000000000000000000000000000000000000000000000000000000000A17E
2026-03-29 05:58:23 - msg_id_0100 ==> 7E010000366600000000027380000000000000000000000000000000000000000000000000000000000000000000000000000000000000000000000000000000000000A07E
2026-03-29 06:10:20 - msg_id_0100 ==> 7E010000366600000000027480000000000000000000000000000000000000000000000000000000000000000000000000000000000000000000000000000000000000A77E
2026-03-29 06:22:18 - msg_id_0100 ==> 7E010000366600000000027580000000000000000000000000000000000000000000000000000000000000000000000000000000000000000000000000000000000000A67E
2026-03-29 06:34:16 - msg_id_0100 ==> 7E010000366600000000027680000000000000000000000000000000000000000000000000000000000000000000000000000000000000000000000000000000000000A57E
2026-03-29 06:46:13 - msg_id_0100 ==> 7E010000366600000000027780000000000000000000000000000000000000000000000000000000000000000000000000000000000000000000000000000000000000A47E
2026-03-29 06:58:11 - msg_id_0100 ==> 7E010000366600000000027880000000000000000000000000000000000000000000000000000000000000000000000000000000000000000000000000000000000000AB7E
2026-03-29 07:10:08 - msg_id_0100 ==> 7E010000366600000000027980000000000000000000000000000000000000000000000000000000000000000000000000000000000000000000000000000000000000AA7E
2026-03-29 07:22:06 - msg_id_0100 ==> 7E010000366600000000027A80000000000000000000000000000000000000000000000000000000000000000000000000000000000000000000000000000000000000A97E
2026-03-29 07:34:03 - msg_id_0100 ==> 7E010000366600000000027B80000000000000000000000000000000000000000000000000000000000000000000000000000000000000000000000000000000000000A87E
2026-03-29 07:46:01 - msg_id_0100 ==> 7E010000366600000000027C80000000000000000000000000000000000000000000000000000000000000000000000000000000000000000000000000000000000000AF7E
2026-03-29 07:57:58 - msg_id_0100 ==> 7E010000366600000000027D0180000000000000000000000000000000000000000000000000000000000000000000000000000000000000000000000000000000000000AE7E
2026-03-29 08:09:56 - msg_id_0100 ==> 7E010000366600000000027D0280000000000000000000000000000000000000000000000000000000000000000000000000000000000000000000000000000000000000AD7E
2026-03-29 08:21:54 - msg_id_0100 ==> 7E010000366600000000027F80000000000000000000000000000000000000000000000000000000000000000000000000000000000000000000000000000000000000AC7E
2026-03-29 08:33:51 - msg_id_0100 ==> 7E010000366600000000028080000000000000000000000000000000000000000000000000000000000000000000000000000000000000000000000000000000000000537E
2026-03-29 08:45:49 - msg_id_0100 ==> 7E010000366600000000028180000000000000000000000000000000000000000000000000000000000000000000000000000000000000000000000000000000000000527E
2026-03-29 08:57:46 - msg_id_0100 ==> 7E010000366600000000028280000000000000000000000000000000000000000000000000000000000000000000000000000000000000000000000000000000000000517E
2026-03-29 09:09:44 - msg_id_0100 ==> 7E010000366600000000028380000000000000000000000000000000000000000000000000000000000000000000000000000000000000000000000000000000000000507E
2026-03-29 09:21:42 - msg_id_0100 ==> 7E010000366600000000028480000000000000000000000000000000000000000000000000000000000000000000000000000000000000000000000000000000000000577E
2026-03-29 09:33:39 - msg_id_0100 ==> 7E010000366600000000028580000000000000000000000000000000000000000000000000000000000000000000000000000000000000000000000000000000000000567E
2026-03-29 09:45:37 - msg_id_0100 ==> 7E010000366600000000028680000000000000000000000000000000000000000000000000000000000000000000000000000000000000000000000000000000000000557E
2026-03-29 09:57:34 - msg_id_0100 ==> 7E010000366600000000028780000000000000000000000000000000000000000000000000000000000000000000000000000000000000000000000000000000000000547E
2026-03-29 10:09:32 - msg_id_0100 ==> 7E0100003666000000000288800000000000000000000000000000000000000000000000000000000000000000000000000000000000000000000000000000000000005B7E
2026-03-29 10:21:29 - msg_id_0100 ==> 7E0100003666000000000289800000000000000000000000000000000000000000000000000000000000000000000000000000000000000000000000000000000000005A7E
2026-03-29 10:33:27 - msg_id_0100 ==> 7E010000366600000000028A80000000000000000000000000000000000000000000000000000000000000000000000000000000000000000000000000000000000000597E
2026-03-29 10:45:24 - msg_id_0100 ==> 7E010000366600000000028B80000000000000000000000000000000000000000000000000000000000000000000000000000000000000000000000000000000000000587E
2026-03-29 10:57:22 - msg_id_0100 ==> 7E010000366600000000028C800000000000000000000000000000000000000000000000000000000000000000000000000000000000000000000000000000000000005F7E
2026-03-29 11:09:20 - msg_id_0100 ==> 7E010000366600000000028D800000000000000000000000000000000000000000000000000000000000000000000000000000000000000000000000000000000000005E7E
2026-03-29 11:21:17 - msg_id_0100 ==> 7E010000366600000000028E800000000000000000000000000000000000000000000000000000000000000000000000000000000000000000000000000000000000005D7E
2026-03-29 11:33:15 - msg_id_0100 ==> 7E010000366600000000028F800000000000000000000000000000000000000000000000000000000000000000000000000000000000000000000000000000000000005C7E
2026-03-29 11:45:12 - msg_id_0100 ==> 7E010000366600000000029080000000000000000000000000000000000000000000000000000000000000000000000000000000000000000000000000000000000000437E
2026-03-29 11:57:10 - msg_id_0100 ==> 7E010000366600000000029180000000000000000000000000000000000000000000000000000000000000000000000000000000000000000000000000000000000000427E
2026-03-29 12:09:07 - msg_id_0100 ==> 7E010000366600000000029280000000000000000000000000000000000000000000000000000000000000000000000000000000000000000000000000000000000000417E
2026-03-29 12:21:05 - msg_id_0100 ==> 7E010000366600000000029380000000000000000000000000000000000000000000000000000000000000000000000000000000000000000000000000000000000000407E
2026-03-29 12:33:03 - msg_id_0100 ==> 7E010000366600000000029480000000000000000000000000000000000000000000000000000000000000000000000000000000000000000000000000000000000000477E
2026-03-29 12:45:00 - msg_id_0100 ==> 7E010000366600000000029580000000000000000000000000000000000000000000000000000000000000000000000000000000000000000000000000000000000000467E
2026-03-29 12:56:58 - msg_id_0100 ==> 7E010000366600000000029680000000000000000000000000000000000000000000000000000000000000000000000000000000000000000000000000000000000000457E
2026-03-29 13:08:55 - msg_id_0100 ==> 7E010000366600000000029780000000000000000000000000000000000000000000000000000000000000000000000000000000000000000000000000000000000000447E
2026-03-29 13:20:53 - msg_id_0100 ==> 7E0100003666000000000298800000000000000000000000000000000000000000000000000000000000000000000000000000000000000000000000000000000000004B7E
2026-03-29 13:32:51 - msg_id_0100 ==> 7E0100003666000000000299800000000000000000000000000000000000000000000000000000000000000000000000000000000000000000000000000000000000004A7E
2026-03-29 13:44:48 - msg_id_0100 ==> 7E010000366600000000029A80000000000000000000000000000000000000000000000000000000000000000000000000000000000000000000000000000000000000497E
2026-03-29 13:56:46 - msg_id_0100 ==> 7E010000366600000000029B80000000000000000000000000000000000000000000000000000000000000000000000000000000000000000000000000000000000000487E
2026-03-29 14:08:43 - msg_id_0100 ==> 7E010000366600000000029C800000000000000000000000000000000000000000000000000000000000000000000000000000000000000000000000000000000000004F7E
2026-03-29 14:20:41 - msg_id_0100 ==> 7E010000366600000000029D800000000000000000000000000000000000000000000000000000000000000000000000000000000000000000000000000000000000004E7E
2026-03-29 14:32:39 - msg_id_0100 ==> 7E010000366600000000029E800000000000000000000000000000000000000000000000000000000000000000000000000000000000000000000000000000000000004D7E
2026-03-29 14:44:37 - msg_id_0100 ==> 7E010000366600000000029F800000000000000000000000000000000000000000000000000000000000000000000000000000000000000000000000000000000000004C7E
2026-03-29 14:56:34 - msg_id_0100 ==> 7E01000036660000000002A080000000000000000000000000000000000000000000000000000000000000000000000000000000000000000000000000000000000000737E
2026-03-29 15:08:32 - msg_id_0100 ==> 7E01000036660000000002A180000000000000000000000000000000000000000000000000000000000000000000000000000000000000000000000000000000000000727E
2026-03-29 15:20:29 - msg_id_0100 ==> 7E01000036660000000002A280000000000000000000000000000000000000000000000000000000000000000000000000000000000000000000000000000000000000717E
2026-03-29 15:32:27 - msg_id_0100 ==> 7E01000036660000000002A380000000000000000000000000000000000000000000000000000000000000000000000000000000000000000000000000000000000000707E
2026-03-29 15:44:25 - msg_id_0100 ==> 7E01000036660000000002A480000000000000000000000000000000000000000000000000000000000000000000000000000000000000000000000000000000000000777E
2026-03-29 15:56:22 - msg_id_0100 ==> 7E01000036660000000002A580000000000000000000000000000000000000000000000000000000000000000000000000000000000000000000000000000000000000767E
2026-03-29 16:08:20 - msg_id_0100 ==> 7E01000036660000000002A680000000000000000000000000000000000000000000000000000000000000000000000000000000000000000000000000000000000000757E
2026-03-29 16:20:17 - msg_id_0100 ==> 7E01000036660000000002A780000000000000000000000000000000000000000000000000000000000000000000000000000000000000000000000000000000000000747E
2026-03-29 16:32:15 - msg_id_0100 ==> 7E01000036660000000002A8800000000000000000000000000000000000000000000000000000000000000000000000000000000000000000000000000000000000007B7E
2026-03-29 16:44:13 - msg_id_0100 ==> 7E01000036660000000002A9800000000000000000000000000000000000000000000000000000000000000000000000000000000000000000000000000000000000007A7E
2026-03-29 16:56:10 - msg_id_0100 ==> 7E01000036660000000002AA80000000000000000000000000000000000000000000000000000000000000000000000000000000000000000000000000000000000000797E
2026-03-29 17:08:08 - msg_id_0100 ==> 7E01000036660000000002AB80000000000000000000000000000000000000000000000000000000000000000000000000000000000000000000000000000000000000787E
2026-03-29 17:20:05 - msg_id_0100 ==> 7E01000036660000000002AC800000000000000000000000000000000000000000000000000000000000000000000000000000000000000000000000000000000000007F7E
2026-03-29 17:32:03 - msg_id_0100 ==> 7E01000036660000000002AD800000000000000000000000000000000000000000000000000000000000000000000000000000000000000000000000000000000000007D027E
2026-03-29 17:44:01 - msg_id_0100 ==> 7E01000036660000000002AE800000000000000000000000000000000000000000000000000000000000000000000000000000000000000000000000000000000000007D017E
2026-03-29 17:55:58 - msg_id_0100 ==> 7E01000036660000000002AF800000000000000000000000000000000000000000000000000000000000000000000000000000000000000000000000000000000000007C7E
2026-03-29 18:07:56 - msg_id_0100 ==> 7E01000036660000000002B080000000000000000000000000000000000000000000000000000000000000000000000000000000000000000000000000000000000000637E
2026-03-29 18:19:53 - msg_id_0100 ==> 7E01000036660000000002B180000000000000000000000000000000000000000000000000000000000000000000000000000000000000000000000000000000000000627E
2026-03-29 18:31:51 - msg_id_0100 ==> 7E01000036660000000002B280000000000000000000000000000000000000000000000000000000000000000000000000000000000000000000000000000000000000617E
2026-03-29 18:43:49 - msg_id_0100 ==> 7E01000036660000000002B380000000000000000000000000000000000000000000000000000000000000000000000000000000000000000000000000000000000000607E
2026-03-29 18:55:46 - msg_id_0100 ==> 7E01000036660000000002B480000000000000000000000000000000000000000000000000000000000000000000000000000000000000000000000000000000000000677E
2026-03-29 19:07:44 - msg_id_0100 ==> 7E01000036660000000002B580000000000000000000000000000000000000000000000000000000000000000000000000000000000000000000000000000000000000667E
2026-03-29 19:19:41 - msg_id_0100 ==> 7E01000036660000000002B680000000000000000000000000000000000000000000000000000000000000000000000000000000000000000000000000000000000000657E
2026-03-29 19:31:39 - msg_id_0100 ==> 7E01000036660000000002B780000000000000000000000000000000000000000000000000000000000000000000000000000000000000000000000000000000000000647E
2026-03-29 19:43:36 - msg_id_0100 ==> 7E01000036660000000002B8800000000000000000000000000000000000000000000000000000000000000000000000000000000000000000000000000000000000006B7E
2026-03-29 19:55:34 - msg_id_0100 ==> 7E01000036660000000002B9800000000000000000000000000000000000000000000000000000000000000000000000000000000000000000000000000000000000006A7E
2026-03-29 20:07:32 - msg_id_0100 ==> 7E01000036660000000002BA80000000000000000000000000000000000000000000000000000000000000000000000000000000000000000000000000000000000000697E
2026-03-29 20:19:29 - msg_id_0100 ==> 7E01000036660000000002BB80000000000000000000000000000000000000000000000000000000000000000000000000000000000000000000000000000000000000687E
2026-03-29 20:31:27 - msg_id_0100 ==> 7E01000036660000000002BC800000000000000000000000000000000000000000000000000000000000000000000000000000000000000000000000000000000000006F7E
2026-03-29 20:43:24 - msg_id_0100 ==> 7E01000036660000000002BD800000000000000000000000000000000000000000000000000000000000000000000000000000000000000000000000000000000000006E7E
2026-03-29 20:55:22 - msg_id_0100 ==> 7E01000036660000000002BE800000000000000000000000000000000000000000000000000000000000000000000000000000000000000000000000000000000000006D7E
2026-03-29 21:07:20 - msg_id_0100 ==> 7E01000036660000000002BF800000000000000000000000000000000000000000000000000000000000000000000000000000000000000000000000000000000000006C7E
2026-03-29 21:19:17 - msg_id_0100 ==> 7E01000036660000000002C080000000000000000000000000000000000000000000000000000000000000000000000000000000000000000000000000000000000000137E
2026-03-29 21:31:15 - msg_id_0100 ==> 7E01000036660000000002C180000000000000000000000000000000000000000000000000000000000000000000000000000000000000000000000000000000000000127E
2026-03-29 21:43:13 - msg_id_0100 ==> 7E01000036660000000002C280000000000000000000000000000000000000000000000000000000000000000000000000000000000000000000000000000000000000117E
2026-03-29 21:55:10 - msg_id_0100 ==> 7E01000036660000000002C380000000000000000000000000000000000000000000000000000000000000000000000000000000000000000000000000000000000000107E
2026-03-29 22:07:08 - msg_id_0100 ==> 7E01000036660000000002C480000000000000000000000000000000000000000000000000000000000000000000000000000000000000000000000000000000000000177E
2026-03-29 22:19:05 - msg_id_0100 ==> 7E01000036660000000002C580000000000000000000000000000000000000000000000000000000000000000000000000000000000000000000000000000000000000167E
2026-03-29 22:31:03 - msg_id_0100 ==> 7E01000036660000000002C680000000000000000000000000000000000000000000000000000000000000000000000000000000000000000000000000000000000000157E
2026-03-29 22:43:00 - msg_id_0100 ==> 7E01000036660000000002C780000000000000000000000000000000000000000000000000000000000000000000000000000000000000000000000000000000000000147E
2026-03-29 22:54:58 - msg_id_0100 ==> 7E01000036660000000002C8800000000000000000000000000000000000000000000000000000000000000000000000000000000000000000000000000000000000001B7E
2026-03-29 23:06:56 - msg_id_0100 ==> 7E01000036660000000002C9800000000000000000000000000000000000000000000000000000000000000000000000000000000000000000000000000000000000001A7E
2026-03-29 23:18:53 - msg_id_0100 ==> 7E01000036660000000002CA80000000000000000000000000000000000000000000000000000000000000000000000000000000000000000000000000000000000000197E
2026-03-29 23:30:51 - msg_id_0100 ==> 7E01000036660000000002CB80000000000000000000000000000000000000000000000000000000000000000000000000000000000000000000000000000000000000187E
2026-03-29 23:42:48 - msg_id_0100 ==> 7E01000036660000000002CC800000000000000000000000000000000000000000000000000000000000000000000000000000000000000000000000000000000000001F7E
2026-03-29 23:54:46 - msg_id_0100 ==> 7E01000036660000000002CD800000000000000000000000000000000000000000000000000000000000000000000000000000000000000000000000000000000000001E7E
