2026-03-26 00:06:20 - msg_id_0100 ==> 7E010000366600000000021B80000000000000000000000000000000000000000000000000000000000000000000000000000000000000000000000000000000000000C87E
2026-03-26 00:18:17 - msg_id_0100 ==> 7E010000366600000000021C80000000000000000000000000000000000000000000000000000000000000000000000000000000000000000000000000000000000000CF7E
2026-03-26 00:30:40 - msg_id_0100 ==> 7E010000366600000000020000000000000000000000000000000000000000000000000000000000000000000000000000000000000000000000000000000000000000537E
2026-03-26 00:36:37 - msg_id_0100 ==> 7E010000366600000000020080000000000000000000000000000000000000000000000000000000000000000000000000000000000000000000000000000000000000D37E
2026-03-26 00:48:34 - msg_id_0100 ==> 7E010000366600000000020180000000000000000000000000000000000000000000000000000000000000000000000000000000000000000000000000000000000000D27E
2026-03-26 01:00:32 - msg_id_0100 ==> 7E010000366600000000020280000000000000000000000000000000000000000000000000000000000000000000000000000000000000000000000000000000000000D17E
2026-03-26 01:12:29 - msg_id_0100 ==> 7E010000366600000000020380000000000000000000000000000000000000000000000000000000000000000000000000000000000000000000000000000000000000D07E
2026-03-26 01:24:27 - msg_id_0100 ==> 7E010000366600000000020480000000000000000000000000000000000000000000000000000000000000000000000000000000000000000000000000000000000000D77E
2026-03-26 01:36:25 - msg_id_0100 ==> 7E010000366600000000020580000000000000000000000000000000000000000000000000000000000000000000000000000000000000000000000000000000000000D67E
2026-03-26 01:48:22 - msg_id_0100 ==> 7E010000366600000000020680000000000000000000000000000000000000000000000000000000000000000000000000000000000000000000000000000000000000D57E
2026-03-26 02:00:20 - msg_id_0100 ==> 7E010000366600000000020780000000000000000000000000000000000000000000000000000000000000000000000000000000000000000000000000000000000000D47E
2026-03-26 02:12:17 - msg_id_0100 ==> 7E010000366600000000020880000000000000000000000000000000000000000000000000000000000000000000000000000000000000000000000000000000000000DB7E
2026-03-26 02:24:15 - msg_id_0100 ==> 7E010000366600000000020980000000000000000000000000000000000000000000000000000000000000000000000000000000000000000000000000000000000000DA7E
2026-03-26 02:36:12 - msg_id_0100 ==> 7E010000366600000000020A80000000000000000000000000000000000000000000000000000000000000000000000000000000000000000000000000000000000000D97E
2026-03-26 02:48:10 - msg_id_0100 ==> 7E010000366600000000020B80000000000000000000000000000000000000000000000000000000000000000000000000000000000000000000000000000000000000D87E
2026-03-26 03:00:07 - msg_id_0100 ==> 7E010000366600000000020C80000000000000000000000000000000000000000000000000000000000000000000000000000000000000000000000000000000000000DF7E
2026-03-26 03:12:05 - msg_id_0100 ==> 7E010000366600000000020D80000000000000000000000000000000000000000000000000000000000000000000000000000000000000000000000000000000000000DE7E
2026-03-26 03:24:03 - msg_id_0100 ==> 7E010000366600000000020E80000000000000000000000000000000000000000000000000000000000000000000000000000000000000000000000000000000000000DD7E
2026-03-26 03:36:00 - msg_id_0100 ==> 7E010000366600000000020F80000000000000000000000000000000000000000000000000000000000000000000000000000000000000000000000000000000000000DC7E
2026-03-26 03:47:58 - msg_id_0100 ==> 7E010000366600000000021080000000000000000000000000000000000000000000000000000000000000000000000000000000000000000000000000000000000000C37E
2026-03-26 03:59:55 - msg_id_0100 ==> 7E010000366600000000021180000000000000000000000000000000000000000000000000000000000000000000000000000000000000000000000000000000000000C27E
2026-03-26 04:11:53 - msg_id_0100 ==> 7E010000366600000000021280000000000000000000000000000000000000000000000000000000000000000000000000000000000000000000000000000000000000C17E
2026-03-26 04:23:50 - msg_id_0100 ==> 7E010000366600000000021380000000000000000000000000000000000000000000000000000000000000000000000000000000000000000000000000000000000000C07E
2026-03-26 04:35:48 - msg_id_0100 ==> 7E010000366600000000021480000000000000000000000000000000000000000000000000000000000000000000000000000000000000000000000000000000000000C77E
2026-03-26 04:47:45 - msg_id_0100 ==> 7E010000366600000000021580000000000000000000000000000000000000000000000000000000000000000000000000000000000000000000000000000000000000C67E
2026-03-26 04:59:43 - msg_id_0100 ==> 7E010000366600000000021680000000000000000000000000000000000000000000000000000000000000000000000000000000000000000000000000000000000000C57E
2026-03-26 05:11:40 - msg_id_0100 ==> 7E010000366600000000021780000000000000000000000000000000000000000000000000000000000000000000000000000000000000000000000000000000000000C47E
2026-03-26 05:23:38 - msg_id_0100 ==> 7E010000366600000000021880000000000000000000000000000000000000000000000000000000000000000000000000000000000000000000000000000000000000CB7E
2026-03-26 05:35:35 - msg_id_0100 ==> 7E010000366600000000021980000000000000000000000000000000000000000000000000000000000000000000000000000000000000000000000000000000000000CA7E
2026-03-26 05:47:33 - msg_id_0100 ==> 7E010000366600000000021A80000000000000000000000000000000000000000000000000000000000000000000000000000000000000000000000000000000000000C97E
2026-03-26 05:59:30 - msg_id_0100 ==> 7E010000366600000000021B80000000000000000000000000000000000000000000000000000000000000000000000000000000000000000000000000000000000000C87E
2026-03-26 06:11:28 - msg_id_0100 ==> 7E010000366600000000021C80000000000000000000000000000000000000000000000000000000000000000000000000000000000000000000000000000000000000CF7E
2026-03-26 06:23:25 - msg_id_0100 ==> 7E010000366600000000021D80000000000000000000000000000000000000000000000000000000000000000000000000000000000000000000000000000000000000CE7E
2026-03-26 06:35:23 - msg_id_0100 ==> 7E010000366600000000021E80000000000000000000000000000000000000000000000000000000000000000000000000000000000000000000000000000000000000CD7E
2026-03-26 06:47:21 - msg_id_0100 ==> 7E010000366600000000021F80000000000000000000000000000000000000000000000000000000000000000000000000000000000000000000000000000000000000CC7E
2026-03-26 06:59:18 - msg_id_0100 ==> 7E010000366600000000022080000000000000000000000000000000000000000000000000000000000000000000000000000000000000000000000000000000000000F37E
2026-03-26 07:11:16 - msg_id_0100 ==> 7E010000366600000000022180000000000000000000000000000000000000000000000000000000000000000000000000000000000000000000000000000000000000F27E
2026-03-26 07:23:13 - msg_id_0100 ==> 7E010000366600000000022280000000000000000000000000000000000000000000000000000000000000000000000000000000000000000000000000000000000000F17E
2026-03-26 07:35:11 - msg_id_0100 ==> 7E010000366600000000022380000000000000000000000000000000000000000000000000000000000000000000000000000000000000000000000000000000000000F07E
2026-03-26 07:47:08 - msg_id_0100 ==> 7E010000366600000000022480000000000000000000000000000000000000000000000000000000000000000000000000000000000000000000000000000000000000F77E
2026-03-26 07:59:06 - msg_id_0100 ==> 7E010000366600000000022580000000000000000000000000000000000000000000000000000000000000000000000000000000000000000000000000000000000000F67E
2026-03-26 08:11:03 - msg_id_0100 ==> 7E010000366600000000022680000000000000000000000000000000000000000000000000000000000000000000000000000000000000000000000000000000000000F57E
2026-03-26 08:23:01 - msg_id_0100 ==> 7E010000366600000000022780000000000000000000000000000000000000000000000000000000000000000000000000000000000000000000000000000000000000F47E
2026-03-26 08:34:58 - msg_id_0100 ==> 7E010000366600000000022880000000000000000000000000000000000000000000000000000000000000000000000000000000000000000000000000000000000000FB7E
2026-03-26 08:46:56 - msg_id_0100 ==> 7E010000366600000000022980000000000000000000000000000000000000000000000000000000000000000000000000000000000000000000000000000000000000FA7E
2026-03-26 08:58:53 - msg_id_0100 ==> 7E010000366600000000022A80000000000000000000000000000000000000000000000000000000000000000000000000000000000000000000000000000000000000F97E
2026-03-26 09:10:51 - msg_id_0100 ==> 7E010000366600000000022B80000000000000000000000000000000000000000000000000000000000000000000000000000000000000000000000000000000000000F87E
2026-03-26 09:22:49 - msg_id_0100 ==> 7E010000366600000000022C80000000000000000000000000000000000000000000000000000000000000000000000000000000000000000000000000000000000000FF7E
2026-03-26 09:34:46 - msg_id_0100 ==> 7E010000366600000000022D80000000000000000000000000000000000000000000000000000000000000000000000000000000000000000000000000000000000000FE7E
2026-03-26 09:46:44 - msg_id_0100 ==> 7E010000366600000000022E80000000000000000000000000000000000000000000000000000000000000000000000000000000000000000000000000000000000000FD7E
2026-03-26 09:58:41 - msg_id_0100 ==> 7E010000366600000000022F80000000000000000000000000000000000000000000000000000000000000000000000000000000000000000000000000000000000000FC7E
2026-03-26 10:10:39 - msg_id_0100 ==> 7E010000366600000000023080000000000000000000000000000000000000000000000000000000000000000000000000000000000000000000000000000000000000E37E
2026-03-26 10:22:37 - msg_id_0100 ==> 7E010000366600000000023180000000000000000000000000000000000000000000000000000000000000000000000000000000000000000000000000000000000000E27E
2026-03-26 10:34:34 - msg_id_0100 ==> 7E010000366600000000023280000000000000000000000000000000000000000000000000000000000000000000000000000000000000000000000000000000000000E17E
2026-03-26 10:46:32 - msg_id_0100 ==> 7E010000366600000000023380000000000000000000000000000000000000000000000000000000000000000000000000000000000000000000000000000000000000E07E
2026-03-26 10:58:29 - msg_id_0100 ==> 7E010000366600000000023480000000000000000000000000000000000000000000000000000000000000000000000000000000000000000000000000000000000000E77E
2026-03-26 11:10:27 - msg_id_0100 ==> 7E010000366600000000023580000000000000000000000000000000000000000000000000000000000000000000000000000000000000000000000000000000000000E67E
2026-03-26 11:18:38 - msg_id_0100 ==> 7E010000366600000000020000000000000000000000000000000000000000000000000000000000000000000000000000000000000000000000000000000000000000537E
2026-03-26 11:24:34 - msg_id_0100 ==> 7E010000366600000000020080000000000000000000000000000000000000000000000000000000000000000000000000000000000000000000000000000000000000D37E
2026-03-26 11:36:32 - msg_id_0100 ==> 7E010000366600000000020180000000000000000000000000000000000000000000000000000000000000000000000000000000000000000000000000000000000000D27E
2026-03-26 11:48:29 - msg_id_0100 ==> 7E010000366600000000020280000000000000000000000000000000000000000000000000000000000000000000000000000000000000000000000000000000000000D17E
2026-03-26 12:00:27 - msg_id_0100 ==> 7E010000366600000000020380000000000000000000000000000000000000000000000000000000000000000000000000000000000000000000000000000000000000D07E
2026-03-26 12:12:25 - msg_id_0100 ==> 7E010000366600000000020480000000000000000000000000000000000000000000000000000000000000000000000000000000000000000000000000000000000000D77E
2026-03-26 12:24:22 - msg_id_0100 ==> 7E010000366600000000020580000000000000000000000000000000000000000000000000000000000000000000000000000000000000000000000000000000000000D67E
2026-03-26 12:36:25 - msg_id_0100 ==> 7E010000366600000000020681000000000000000000000000000000000000000000000000000000000000000000000000000000000000000000000000000000000000D47E
2026-03-26 12:48:17 - msg_id_0100 ==> 7E010000366600000000020780000000000000000000000000000000000000000000000000000000000000000000000000000000000000000000000000000000000000D47E
2026-03-26 13:00:22 - msg_id_0100 ==> 7E010000366600000000020880000000000000000000000000000000000000000000000000000000000000000000000000000000000000000000000000000000000000DB7E
2026-03-26 13:12:19 - msg_id_0100 ==> 7E010000366600000000020980000000000000000000000000000000000000000000000000000000000000000000000000000000000000000000000000000000000000DA7E
2026-03-26 13:24:17 - msg_id_0100 ==> 7E010000366600000000020A80000000000000000000000000000000000000000000000000000000000000000000000000000000000000000000000000000000000000D97E
2026-03-26 13:36:15 - msg_id_0100 ==> 7E010000366600000000020B80000000000000000000000000000000000000000000000000000000000000000000000000000000000000000000000000000000000000D87E
2026-03-26 13:48:12 - msg_id_0100 ==> 7E010000366600000000020C80000000000000000000000000000000000000000000000000000000000000000000000000000000000000000000000000000000000000DF7E
2026-03-26 14:00:10 - msg_id_0100 ==> 7E010000366600000000020D80000000000000000000000000000000000000000000000000000000000000000000000000000000000000000000000000000000000000DE7E
2026-03-26 14:12:39 - msg_id_0100 ==> 7E010000366600000000020000000000000000000000000000000000000000000000000000000000000000000000000000000000000000000000000000000000000000537E
2026-03-26 14:18:58 - msg_id_0100 ==> 7E010000366600000000020000000000000000000000000000000000000000000000000000000000000000000000000000000000000000000000000000000000000000537E
2026-03-26 14:24:55 - msg_id_0100 ==> 7E010000366600000000020080000000000000000000000000000000000000000000000000000000000000000000000000000000000000000000000000000000000000D37E
2026-03-26 14:36:52 - msg_id_0100 ==> 7E010000366600000000020180000000000000000000000000000000000000000000000000000000000000000000000000000000000000000000000000000000000000D27E
2026-03-26 14:48:50 - msg_id_0100 ==> 7E010000366600000000020280000000000000000000000000000000000000000000000000000000000000000000000000000000000000000000000000000000000000D17E
2026-03-26 15:00:48 - msg_id_0100 ==> 7E010000366600000000020380000000000000000000000000000000000000000000000000000000000000000000000000000000000000000000000000000000000000D07E
2026-03-26 15:12:45 - msg_id_0100 ==> 7E010000366600000000020480000000000000000000000000000000000000000000000000000000000000000000000000000000000000000000000000000000000000D77E
2026-03-26 15:24:33 - msg_id_0100 ==> 7E010000366600000000020580000000000000000000000000000000000000000000000000000000000000000000000000000000000000000000000000000000000000D67E
2026-03-26 15:33:08 - msg_id_0100 ==> 7E010000366600000000020694000000000000000000000000000000000000000000000000000000000000000000000000000000000000000000000000000000000000C17E
2026-03-26 15:42:20 - msg_id_0100 ==> 7E010000366600000000020780000000000000000000000000000000000000000000000000000000000000000000000000000000000000000000000000000000000000D47E
2026-03-26 15:54:18 - msg_id_0100 ==> 7E010000366600000000020880000000000000000000000000000000000000000000000000000000000000000000000000000000000000000000000000000000000000DB7E
2026-03-26 16:06:15 - msg_id_0100 ==> 7E010000366600000000020980000000000000000000000000000000000000000000000000000000000000000000000000000000000000000000000000000000000000DA7E
2026-03-26 16:18:13 - msg_id_0100 ==> 7E010000366600000000020A80000000000000000000000000000000000000000000000000000000000000000000000000000000000000000000000000000000000000D97E
2026-03-26 16:30:11 - msg_id_0100 ==> 7E010000366600000000020B80000000000000000000000000000000000000000000000000000000000000000000000000000000000000000000000000000000000000D87E
2026-03-26 16:42:09 - msg_id_0100 ==> 7E010000366600000000020C80000000000000000000000000000000000000000000000000000000000000000000000000000000000000000000000000000000000000DF7E
2026-03-26 16:54:07 - msg_id_0100 ==> 7E010000366600000000020D80000000000000000000000000000000000000000000000000000000000000000000000000000000000000000000000000000000000000DE7E
2026-03-26 17:06:04 - msg_id_0100 ==> 7E010000366600000000020E80000000000000000000000000000000000000000000000000000000000000000000000000000000000000000000000000000000000000DD7E
2026-03-26 17:18:02 - msg_id_0100 ==> 7E010000366600000000020F80000000000000000000000000000000000000000000000000000000000000000000000000000000000000000000000000000000000000DC7E
2026-03-26 17:30:00 - msg_id_0100 ==> 7E010000366600000000021080000000000000000000000000000000000000000000000000000000000000000000000000000000000000000000000000000000000000C37E
2026-03-26 17:41:57 - msg_id_0100 ==> 7E010000366600000000021180000000000000000000000000000000000000000000000000000000000000000000000000000000000000000000000000000000000000C27E
2026-03-26 17:46:59 - msg_id_0100 ==> 7E010000366600000000021288000000000000000000000000000000000000000000000000000000000000000000000000000000000000000000000000000000000000C97E
2026-03-26 17:51:21 - msg_id_0100 ==> 7E010000366600000000021380000000000000000000000000000000000000000000000000000000000000000000000000000000000000000000000000000000000000C07E
2026-03-26 18:03:19 - msg_id_0100 ==> 7E010000366600000000021480000000000000000000000000000000000000000000000000000000000000000000000000000000000000000000000000000000000000C77E
2026-03-26 18:11:01 - msg_id_0100 ==> 7E010000366600000000021590000000000000000000000000000000000000000000000000000000000000000000000000000000000000000000000000000000000000D67E
2026-03-26 18:22:13 - msg_id_0100 ==> 7E010000366600000000021680000000000000000000000000000000000000000000000000000000000000000000000000000000000000000000000000000000000000C57E
2026-03-26 18:34:11 - msg_id_0100 ==> 7E010000366600000000021780000000000000000000000000000000000000000000000000000000000000000000000000000000000000000000000000000000000000C47E
2026-03-26 18:46:08 - msg_id_0100 ==> 7E010000366600000000021880000000000000000000000000000000000000000000000000000000000000000000000000000000000000000000000000000000000000CB7E
2026-03-26 18:58:06 - msg_id_0100 ==> 7E010000366600000000021980000000000000000000000000000000000000000000000000000000000000000000000000000000000000000000000000000000000000CA7E
2026-03-26 19:10:04 - msg_id_0100 ==> 7E010000366600000000021A80000000000000000000000000000000000000000000000000000000000000000000000000000000000000000000000000000000000000C97E
2026-03-26 19:22:01 - msg_id_0100 ==> 7E010000366600000000021B80000000000000000000000000000000000000000000000000000000000000000000000000000000000000000000000000000000000000C87E
2026-03-26 19:33:59 - msg_id_0100 ==> 7E010000366600000000021C80000000000000000000000000000000000000000000000000000000000000000000000000000000000000000000000000000000000000CF7E
2026-03-26 19:45:56 - msg_id_0100 ==> 7E010000366600000000021D80000000000000000000000000000000000000000000000000000000000000000000000000000000000000000000000000000000000000CE7E
2026-03-26 19:57:54 - msg_id_0100 ==> 7E010000366600000000021E80000000000000000000000000000000000000000000000000000000000000000000000000000000000000000000000000000000000000CD7E
2026-03-26 20:09:52 - msg_id_0100 ==> 7E010000366600000000021F80000000000000000000000000000000000000000000000000000000000000000000000000000000000000000000000000000000000000CC7E
2026-03-26 20:22:40 - msg_id_0100 ==> 7E010000366600000000020000000000000000000000000000000000000000000000000000000000000000000000000000000000000000000000000000000000000000537E
2026-03-26 20:29:12 - msg_id_0100 ==> 7E010000366600000000020000000000000000000000000000000000000000000000000000000000000000000000000000000000000000000000000000000000000000537E
2026-03-26 20:35:45 - msg_id_0100 ==> 7E010000366600000000020000000000000000000000000000000000000000000000000000000000000000000000000000000000000000000000000000000000000000537E
2026-03-26 20:42:48 - msg_id_0100 ==> 7E010000366600000000020000000000000000000000000000000000000000000000000000000000000000000000000000000000000000000000000000000000000000537E
2026-03-26 20:46:57 - msg_id_0100 ==> 7E010000366600000000020000000000000000000000000000000000000000000000000000000000000000000000000000000000000000000000000000000000000000537E
2026-03-26 20:55:50 - msg_id_0100 ==> 7E010000366600000000020000000000000000000000000000000000000000000000000000000000000000000000000000000000000000000000000000000000000000537E
2026-03-26 21:03:32 - msg_id_0100 ==> 7E010000366600000000020000000000000000000000000000000000000000000000000000000000000000000000000000000000000000000000000000000000000000537E
2026-03-26 21:11:15 - msg_id_0100 ==> 7E010000366600000000020000000000000000000000000000000000000000000000000000000000000000000000000000000000000000000000000000000000000000537E
2026-03-26 21:18:22 - msg_id_0100 ==> 7E010000366600000000020000000000000000000000000000000000000000000000000000000000000000000000000000000000000000000000000000000000000000537E
2026-03-26 21:24:19 - msg_id_0100 ==> 7E010000366600000000020080000000000000000000000000000000000000000000000000000000000000000000000000000000000000000000000000000000000000D37E
2026-03-26 21:37:27 - msg_id_0100 ==> 7E010000366600000000020000000000000000000000000000000000000000000000000000000000000000000000000000000000000000000000000000000000000000537E
2026-03-26 21:44:07 - msg_id_0100 ==> 7E010000366600000000020000000000000000000000000000000000000000000000000000000000000000000000000000000000000000000000000000000000000000537E
2026-03-26 21:50:39 - msg_id_0100 ==> 7E010000366600000000020000000000000000000000000000000000000000000000000000000000000000000000000000000000000000000000000000000000000000537E
2026-03-26 21:56:36 - msg_id_0100 ==> 7E010000366600000000020080000000000000000000000000000000000000000000000000000000000000000000000000000000000000000000000000000000000000D37E
2026-03-26 22:08:34 - msg_id_0100 ==> 7E010000366600000000020180000000000000000000000000000000000000000000000000000000000000000000000000000000000000000000000000000000000000D27E
2026-03-26 22:20:31 - msg_id_0100 ==> 7E010000366600000000020280000000000000000000000000000000000000000000000000000000000000000000000000000000000000000000000000000000000000D17E
2026-03-26 22:34:15 - msg_id_0100 ==> 7E010000366600000000020000000000000000000000000000000000000000000000000000000000000000000000000000000000000000000000000000000000000000537E
2026-03-26 22:40:12 - msg_id_0100 ==> 7E010000366600000000020080000000000000000000000000000000000000000000000000000000000000000000000000000000000000000000000000000000000000D37E
2026-03-26 22:52:44 - msg_id_0100 ==> 7E010000366600000000020000000000000000000000000000000000000000000000000000000000000000000000000000000000000000000000000000000000000000537E
2026-03-26 22:59:52 - msg_id_0100 ==> 7E010000366600000000020000000000000000000000000000000000000000000000000000000000000000000000000000000000000000000000000000000000000000537E
2026-03-26 23:06:24 - msg_id_0100 ==> 7E010000366600000000020000000000000000000000000000000000000000000000000000000000000000000000000000000000000000000000000000000000000000537E
2026-03-26 23:12:21 - msg_id_0100 ==> 7E010000366600000000020080000000000000000000000000000000000000000000000000000000000000000000000000000000000000000000000000000000000000D37E
2026-03-26 23:26:05 - msg_id_0100 ==> 7E010000366600000000020000000000000000000000000000000000000000000000000000000000000000000000000000000000000000000000000000000000000000537E
2026-03-26 23:34:23 - msg_id_0100 ==> 7E010000366600000000020000000000000000000000000000000000000000000000000000000000000000000000000000000000000000000000000000000000000000537E
2026-03-26 23:40:55 - msg_id_0100 ==> 7E010000366600000000020000000000000000000000000000000000000000000000000000000000000000000000000000000000000000000000000000000000000000537E
2026-03-26 23:47:28 - msg_id_0100 ==> 7E010000366600000000020000000000000000000000000000000000000000000000000000000000000000000000000000000000000000000000000000000000000000537E
2026-03-26 23:53:25 - msg_id_0100 ==> 7E010000366600000000020080000000000000000000000000000000000000000000000000000000000000000000000000000000000000000000000000000000000000D37E
